Archive member included to satisfy reference by file (symbol)

/home/keith/Tools/gcc-arm-none-eabi-10-2020-q4-major/bin/../lib/gcc/arm-none-eabi/10.2.1/../../../../arm-none-eabi/lib/thumb/v7e-m/nofp/libc.a(lib_a-exit.o)
                              /home/keith/Tools/gcc-arm-none-eabi-10-2020-q4-major/bin/../lib/gcc/arm-none-eabi/10.2.1/../../../../arm-none-eabi/lib/thumb/v7e-m/nofp/rdimon-crt0.o (exit)
/home/keith/Tools/gcc-arm-none-eabi-10-2020-q4-major/bin/../lib/gcc/arm-none-eabi/10.2.1/../../../../arm-none-eabi/lib/thumb/v7e-m/nofp/libc.a(lib_a-impure.o)
                              /home/keith/Tools/gcc-arm-none-eabi-10-2020-q4-major/bin/../lib/gcc/arm-none-eabi/10.2.1/../../../../arm-none-eabi/lib/thumb/v7e-m/nofp/libc.a(lib_a-exit.o) (_global_impure_ptr)
/home/keith/Tools/gcc-arm-none-eabi-10-2020-q4-major/bin/../lib/gcc/arm-none-eabi/10.2.1/../../../../arm-none-eabi/lib/thumb/v7e-m/nofp/libc.a(lib_a-init.o)
                              /home/keith/Tools/gcc-arm-none-eabi-10-2020-q4-major/bin/../lib/gcc/arm-none-eabi/10.2.1/../../../../arm-none-eabi/lib/thumb/v7e-m/nofp/rdimon-crt0.o (__libc_init_array)
/home/keith/Tools/gcc-arm-none-eabi-10-2020-q4-major/bin/../lib/gcc/arm-none-eabi/10.2.1/../../../../arm-none-eabi/lib/thumb/v7e-m/nofp/libc.a(lib_a-memset.o)
                              /home/keith/Tools/gcc-arm-none-eabi-10-2020-q4-major/bin/../lib/gcc/arm-none-eabi/10.2.1/../../../../arm-none-eabi/lib/thumb/v7e-m/nofp/rdimon-crt0.o (memset)
/home/keith/Tools/gcc-arm-none-eabi-10-2020-q4-major/bin/../lib/gcc/arm-none-eabi/10.2.1/../../../../arm-none-eabi/lib/thumb/v7e-m/nofp/libc.a(lib_a-printf.o)
                              main.o (printf)
/home/keith/Tools/gcc-arm-none-eabi-10-2020-q4-major/bin/../lib/gcc/arm-none-eabi/10.2.1/../../../../arm-none-eabi/lib/thumb/v7e-m/nofp/libc.a(lib_a-puts.o)
                              main.o (puts)
/home/keith/Tools/gcc-arm-none-eabi-10-2020-q4-major/bin/../lib/gcc/arm-none-eabi/10.2.1/../../../../arm-none-eabi/lib/thumb/v7e-m/nofp/libc.a(lib_a-strlen.o)
                              /home/keith/Tools/gcc-arm-none-eabi-10-2020-q4-major/bin/../lib/gcc/arm-none-eabi/10.2.1/../../../../arm-none-eabi/lib/thumb/v7e-m/nofp/libc.a(lib_a-puts.o) (strlen)
/home/keith/Tools/gcc-arm-none-eabi-10-2020-q4-major/bin/../lib/gcc/arm-none-eabi/10.2.1/../../../../arm-none-eabi/lib/thumb/v7e-m/nofp/libc.a(lib_a-vfprintf.o)
                              /home/keith/Tools/gcc-arm-none-eabi-10-2020-q4-major/bin/../lib/gcc/arm-none-eabi/10.2.1/../../../../arm-none-eabi/lib/thumb/v7e-m/nofp/libc.a(lib_a-printf.o) (_vfprintf_r)
/home/keith/Tools/gcc-arm-none-eabi-10-2020-q4-major/bin/../lib/gcc/arm-none-eabi/10.2.1/../../../../arm-none-eabi/lib/thumb/v7e-m/nofp/libc.a(lib_a-wsetup.o)
                              /home/keith/Tools/gcc-arm-none-eabi-10-2020-q4-major/bin/../lib/gcc/arm-none-eabi/10.2.1/../../../../arm-none-eabi/lib/thumb/v7e-m/nofp/libc.a(lib_a-vfprintf.o) (__swsetup_r)
/home/keith/Tools/gcc-arm-none-eabi-10-2020-q4-major/bin/../lib/gcc/arm-none-eabi/10.2.1/../../../../arm-none-eabi/lib/thumb/v7e-m/nofp/libc.a(lib_a-__call_atexit.o)
                              /home/keith/Tools/gcc-arm-none-eabi-10-2020-q4-major/bin/../lib/gcc/arm-none-eabi/10.2.1/../../../../arm-none-eabi/lib/thumb/v7e-m/nofp/libc.a(lib_a-exit.o) (__call_exitprocs)
/home/keith/Tools/gcc-arm-none-eabi-10-2020-q4-major/bin/../lib/gcc/arm-none-eabi/10.2.1/../../../../arm-none-eabi/lib/thumb/v7e-m/nofp/libc.a(lib_a-atexit.o)
                              /home/keith/Tools/gcc-arm-none-eabi-10-2020-q4-major/bin/../lib/gcc/arm-none-eabi/10.2.1/../../../../arm-none-eabi/lib/thumb/v7e-m/nofp/libc.a(lib_a-__call_atexit.o) (atexit)
/home/keith/Tools/gcc-arm-none-eabi-10-2020-q4-major/bin/../lib/gcc/arm-none-eabi/10.2.1/../../../../arm-none-eabi/lib/thumb/v7e-m/nofp/libc.a(lib_a-dtoa.o)
                              /home/keith/Tools/gcc-arm-none-eabi-10-2020-q4-major/bin/../lib/gcc/arm-none-eabi/10.2.1/../../../../arm-none-eabi/lib/thumb/v7e-m/nofp/libc.a(lib_a-vfprintf.o) (_dtoa_r)
/home/keith/Tools/gcc-arm-none-eabi-10-2020-q4-major/bin/../lib/gcc/arm-none-eabi/10.2.1/../../../../arm-none-eabi/lib/thumb/v7e-m/nofp/libc.a(lib_a-fflush.o)
                              /home/keith/Tools/gcc-arm-none-eabi-10-2020-q4-major/bin/../lib/gcc/arm-none-eabi/10.2.1/../../../../arm-none-eabi/lib/thumb/v7e-m/nofp/libc.a(lib_a-vfprintf.o) (_fflush_r)
/home/keith/Tools/gcc-arm-none-eabi-10-2020-q4-major/bin/../lib/gcc/arm-none-eabi/10.2.1/../../../../arm-none-eabi/lib/thumb/v7e-m/nofp/libc.a(lib_a-findfp.o)
                              /home/keith/Tools/gcc-arm-none-eabi-10-2020-q4-major/bin/../lib/gcc/arm-none-eabi/10.2.1/../../../../arm-none-eabi/lib/thumb/v7e-m/nofp/libc.a(lib_a-puts.o) (__sinit)
/home/keith/Tools/gcc-arm-none-eabi-10-2020-q4-major/bin/../lib/gcc/arm-none-eabi/10.2.1/../../../../arm-none-eabi/lib/thumb/v7e-m/nofp/libc.a(lib_a-fini.o)
[...]
Memory Configuration

Name             Origin             Length             Attributes
FLASH            0x0000000008000000 0x0000000000100000 xr
SRAM             0x0000000020000000 0x0000000000020000 xrw
*default*        0x0000000000000000 0xffffffffffffffff

Linker script and memory map

LOAD /home/keith/Tools/gcc-arm-none-eabi-10-2020-q4-major/bin/../lib/gcc/arm-none-eabi/10.2.1/thumb/v7e-m/nofp/crti.o
LOAD /home/keith/Tools/gcc-arm-none-eabi-10-2020-q4-major/bin/../lib/gcc/arm-none-eabi/10.2.1/thumb/v7e-m/nofp/crtbegin.o
LOAD /home/keith/Tools/gcc-arm-none-eabi-10-2020-q4-major/bin/../lib/gcc/arm-none-eabi/10.2.1/../../../../arm-none-eabi/lib/thumb/v7e-m/nofp/rdimon-crt0.o
LOAD main.o
LOAD startup.o
LOAD led.o
LOAD stack.o
START GROUP
LOAD /home/keith/Tools/gcc-arm-none-eabi-10-2020-q4-major/bin/../lib/gcc/arm-none-eabi/10.2.1/thumb/v7e-m/nofp/libgcc.a
LOAD /home/keith/Tools/gcc-arm-none-eabi-10-2020-q4-major/bin/../lib/gcc/arm-none-eabi/10.2.1/../../../../arm-none-eabi/lib/thumb/v7e-m/nofp/libc.a
END GROUP
START GROUP
LOAD /home/keith/Tools/gcc-arm-none-eabi-10-2020-q4-major/bin/../lib/gcc/arm-none-eabi/10.2.1/thumb/v7e-m/nofp/libgcc.a
LOAD /home/keith/Tools/gcc-arm-none-eabi-10-2020-q4-major/bin/../lib/gcc/arm-none-eabi/10.2.1/../../../../arm-none-eabi/lib/thumb/v7e-m/nofp/libc.a
LOAD /home/keith/Tools/gcc-arm-none-eabi-10-2020-q4-major/bin/../lib/gcc/arm-none-eabi/10.2.1/../../../../arm-none-eabi/lib/thumb/v7e-m/nofp/librdimon.a
END GROUP
LOAD /home/keith/Tools/gcc-arm-none-eabi-10-2020-q4-major/bin/../lib/gcc/arm-none-eabi/10.2.1/thumb/v7e-m/nofp/crtend.o
LOAD /home/keith/Tools/gcc-arm-none-eabi-10-2020-q4-major/bin/../lib/gcc/arm-none-eabi/10.2.1/thumb/v7e-m/nofp/crtn.o

.text           0x0000000008000000     0x95f4
 *(.isr_vector)
 .isr_vector    0x0000000008000000      0x188 startup.o
                0x0000000008000000                vectors
 *(.text)
 .text          0x0000000008000188        0x0 /home/keith/Tools/gcc-arm-none-eabi-10-2020-q4-major/bin/../lib/gcc/arm-none-eabi/10.2.1/thumb/v7e-m/nofp/crti.o
 .text          0x0000000008000188       0x40 /home/keith/Tools/gcc-arm-none-eabi-10-2020-q4-major/bin/../lib/gcc/arm-none-eabi/10.2.1/thumb/v7e-m/nofp/crtbegin.o
 .text          0x00000000080001c8       0xf8 /home/keith/Tools/gcc-arm-none-eabi-10-2020-q4-major/bin/../lib/gcc/arm-none-eabi/10.2.1/../../../../arm-none-eabi/lib/thumb/v7e-m/nofp/rdimon-crt0.o
                0x00000000080001c8                _stack_init
                0x00000000080001d4                _mainCRTStartup
                0x00000000080001d4                _start
 .text          0x00000000080002c0       0x98 main.o
                0x00000000080002c0                main
                0x0000000008000328                softDelay(int)
 .text          0x0000000008000358       0x90 startup.o
                0x0000000008000358                RTC_Alarm_IRQHandler
                0x0000000008000358                HASH_RNG_IRQHandler
                0x0000000008000358                EXTI2_IRQHandler
                0x0000000008000358                TIM8_CC_IRQHandler
                0x0000000008000358                DebugMon_Handler
                0x0000000008000358                TIM1_CC_IRQHandler
                0x0000000008000358                DMA2_Stream5_IRQHandler
                0x0000000008000358                HardFault_Handler
                0x0000000008000358                DMA1_Stream5_IRQHandler
                0x0000000008000358                SysTick_Handler
                0x0000000008000358                PVD_IRQHandler
                0x0000000008000358                SDIO_IRQHandler
                0x0000000008000358                TAMP_STAMP_IRQHandler
                0x0000000008000358                PendSV_Handler
                0x0000000008000358                NMI_Handler
                0x0000000008000358                CAN2_RX1_IRQHandler
                0x0000000008000358                EXTI3_IRQHandler
                0x0000000008000358                TIM8_TRG_COM_TIM14_IRQHandler
                0x0000000008000358                TIM1_UP_TIM10_IRQHandler
                0x0000000008000358                TIM8_UP_TIM13_IRQHandler
                0x0000000008000358                I2C3_ER_IRQHandler
                0x0000000008000358                EXTI0_IRQHandler
                0x0000000008000358                I2C2_EV_IRQHandler
                0x0000000008000358                DMA1_Stream2_IRQHandler
                0x0000000008000358                CAN1_RX0_IRQHandler
                0x0000000008000358                FPU_IRQHandler
                0x0000000008000358                OTG_HS_WKUP_IRQHandler
                0x0000000008000358                UsageFault_Handler
                0x0000000008000358                CAN2_SCE_IRQHandler
                0x0000000008000358                DMA2_Stream2_IRQHandler
                0x0000000008000358                SPI1_IRQHandler
                0x0000000008000358                TIM6_DAC_IRQHandler
                0x0000000008000358                TIM1_BRK_TIM9_IRQHandler
                0x0000000008000358                DCMI_IRQHandler
                0x0000000008000358                CAN2_RX0_IRQHandler
                0x0000000008000358                DMA2_Stream3_IRQHandler
                0x0000000008000358                USART6_IRQHandler
                0x0000000008000358                USART3_IRQHandler
                0x0000000008000358                CRYP_IRQHandler
                0x0000000008000358                CAN1_RX1_IRQHandler
                0x0000000008000358                UART5_IRQHandler
                0x0000000008000358                DMA2_Stream0_IRQHandler
                0x0000000008000358                TIM4_IRQHandler
                0x0000000008000358                I2C1_EV_IRQHandler
                0x0000000008000358                DMA1_Stream6_IRQHandler
                0x0000000008000358                DMA1_Stream1_IRQHandler
                0x0000000008000358                UART4_IRQHandler
                0x0000000008000358                TIM3_IRQHandler
                0x0000000008000358                RCC_IRQHandler
                0x0000000008000358                TIM8_BRK_TIM12_IRQHandler
                0x0000000008000358                Default_Handler
                0x0000000008000358                EXTI15_10_IRQHandler
                0x0000000008000358                ADC_IRQHandler
                0x0000000008000358                DMA1_Stream7_IRQHandler
                0x0000000008000358                TIM7_IRQHandler
                0x0000000008000358                CAN2_TX_IRQHandler
                0x0000000008000358                TIM5_IRQHandler
                0x0000000008000358                DMA2_Stream7_IRQHandler
                0x0000000008000358                I2C3_EV_IRQHandler
                0x0000000008000358                EXTI9_5_IRQHandler
                0x0000000008000358                RTC_WKUP_IRQHandler
                0x0000000008000358                ETH_WKUP_IRQHandler
                0x0000000008000358                SPI2_IRQHandler
                0x0000000008000358                OTG_HS_EP1_IN_IRQHandler
                0x0000000008000358                MemManage_Handler
                0x0000000008000358                DMA1_Stream0_IRQHandler
                0x0000000008000358                CAN1_TX_IRQHandler
                0x0000000008000358                SVC_Handler
                0x0000000008000358                EXTI4_IRQHandler
                0x0000000008000358                FSMC_IRQHandler
                0x0000000008000358                ETH_IRQHandler
                0x0000000008000358                OTG_HS_EP1_OUT_IRQHandler
                0x0000000008000358                WWDG_IRQHandler
                0x0000000008000358                TIM2_IRQHandler
                0x0000000008000358                OTG_FS_WKUP_IRQHandler
                0x0000000008000358                TIM1_TRG_COM_TIM11_IRQHandler
                0x0000000008000358                OTG_HS_IRQHandler
                0x0000000008000358                EXTI1_IRQHandler
                0x0000000008000358                USART2_IRQHandler
                0x0000000008000358                I2C2_ER_IRQHandler
                0x0000000008000358                DMA2_Stream1_IRQHandler
                0x0000000008000358                CAN1_SCE_IRQHandler
                0x0000000008000358                DMA2_Stream4_IRQHandler
                0x0000000008000358                BusFault_Handler
                0x0000000008000358                USART1_IRQHandler
                0x0000000008000358                OTG_FS_IRQHandler
                0x0000000008000358                SPI3_IRQHandler
                0x0000000008000358                DMA1_Stream4_IRQHandler
                0x0000000008000358                I2C1_ER_IRQHandler
                0x0000000008000358                DMA2_Stream6_IRQHandler
                0x0000000008000358                DMA1_Stream3_IRQHandler
                0x000000000800035e                Reset_Handler
 .text          0x00000000080003e8      0x190 led.o
                0x00000000080003e8                GpioPin::GpioPin(char, int, int)
                0x00000000080003e8                GpioPin::GpioPin(char, int, int)
                0x0000000008000508                GpioPin::ledOn()
                0x0000000008000534                GpioPin::ledOff()
                0x0000000008000562                GpioPin::~GpioPin()
                0x0000000008000562                GpioPin::~GpioPin()
 .text          0x0000000008000578      0x160 stack.o
                0x0000000008000578                initSchedulerStack(unsigned long)
                0x0000000008000592                initTasks()
                0x0000000008000670                taskOneHandler()
                0x000000000800067c                taskTwoHandler()
                0x0000000008000688                taskThreeHandler()
                0x0000000008000694                taskFourHandler()
                0x00000000080006a0                Task::Task(unsigned long, unsigned long, unsigned char)
                0x00000000080006a0                Task::Task(unsigned long, unsigned long, unsigned char)
                0x00000000080006cc                Task::taskHander()
 .text          0x00000000080006d8        0x0 /home/keith/Tools/gcc-arm-none-eabi-10-2020-q4-major/bin/../lib/gcc/arm-none-eabi/10.2.1/../../../../arm-none-eabi/lib/thumb/v7e-m/nofp/libc.a(lib_a-exit.o)
 .text          0x00000000080006d8        0x0 /home/keith/Tools/gcc-arm-none-eabi-10-2020-q4-major/bin/../lib/gcc/arm-none-eabi/10.2.1/../../../../arm-none-eabi/lib/thumb/v7e-m/nofp/libc.a(lib_a-impure.o)
 .text          0x00000000080006d8        0x0 /home/keith/Tools/gcc-arm-none-eabi-10-2020-q4-major/bin/../lib/gcc/arm-none-eabi/10.2.1/../../../../arm-none-eabi/lib/thumb/v7e-m/nofp/libc.a(lib_a-init.o)
 .text          0x00000000080006d8        0x0 /home/keith/Tools/gcc-arm-none-eabi-10-2020-q4-major/bin/../lib/gcc/arm-none-eabi/10.2.1/../../../../arm-none-eabi/lib/thumb/v7e-m/nofp/libc.a(lib_a-memset.o)
 .text          0x00000000080006d8        0x0 /home/keith/Tools/gcc-arm-none-eabi-10-2020-q4-major/bin/../lib/gcc/arm-none-eabi/10.2.1/../../../../arm-none-eabi/lib/thumb/v7e-m/nofp/libc.a(lib_a-printf.o)
 .text          0x00000000080006d8        0x0 /home/keith/Tools/gcc-arm-none-eabi-10-2020-q4-major/bin/../lib/gcc/arm-none-eabi/10.2.1/../../../../arm-none-eabi/lib/thumb/v7e-m/nofp/libc.a(lib_a-puts.o)
 *fill*         0x00000000080006d8       0x28 
 .text          0x0000000008000700       0xdc /home/keith/Tools/gcc-arm-none-eabi-10-2020-q4-major/bin/../lib/gcc/arm-none-eabi/10.2.1/../../../../arm-none-eabi/lib/thumb/v7e-m/nofp/libc.a(lib_a-strlen.o)
                0x0000000008000700                strlen
 .text          0x00000000080007dc        0x0 /home/keith/Tools/gcc-arm-none-eabi-10-2020-q4-major/bin/../lib/gcc/arm-none-eabi/10.2.1/../../../../arm-none-eabi/lib/thumb/v7e-m/nofp/libc.a(lib_a-vfprintf.o)
 .text          0x00000000080007dc        0x0 /home/keith/Tools/gcc-arm-none-eabi-10-2020-q4-major/bin/../lib/gcc/arm-none-eabi/10.2.1/../../../../arm-none-eabi/lib/thumb/v7e-m/nofp/libc.a(lib_a-wsetup.o)
 .text          0x00000000080007dc        0x0 /home/keith/Tools/gcc-arm-none-eabi-10-2020-q4-major/bin/../lib/gcc/arm-none-eabi/10.2.1/../../../../arm-none-eabi/lib/thumb/v7e-m/nofp/libc.a(lib_a-__call_atexit.o)
 .text          0x00000000080007dc        0x0 /home/keith/Tools/gcc-arm-none-eabi-10-2020-q4-major/bin/../lib/gcc/arm-none-eabi/10.2.1/../../../../arm-none-eabi/lib/thumb/v7e-m/nofp/libc.a(lib_a-atexit.o)
 .text          0x00000000080007dc        0x0 /home/keith/Tools/gcc-arm-none-eabi-10-2020-q4-major/bin/../lib/gcc/arm-none-eabi/10.2.1/../../../../arm-none-eabi/lib/thumb/v7e-m/nofp/libc.a(lib_a-dtoa.o)
 .text          0x00000000080007dc        0x0 /home/keith/Tools/gcc-arm-none-eabi-10-2020-q4-major/bin/../lib/gcc/arm-none-eabi/10.2.1/../../../../arm-none-eabi/lib/thumb/v7e-m/nofp/libc.a(lib_a-fflush.o)
 .text          0x00000000080007dc        0x0 /home/keith/Tools/gcc-arm-none-eabi-10-2020-q4-major/bin/../lib/gcc/arm-none-eabi/10.2.1/../../../../arm-none-eabi/lib/thumb/v7e-m/nofp/libc.a(lib_a-findfp.o)
 .text          0x00000000080007dc        0x0 /home/keith/Tools/gcc-arm-none-eabi-10-2020-q4-major/bin/../lib/gcc/arm-none-eabi/10.2.1/../../../../arm-none-eabi/lib/thumb/v7e-m/nofp/libc.a(lib_a-fini.o)
 .text          0x00000000080007dc        0x0 /home/keith/Tools/gcc-arm-none-eabi-10-2020-q4-major/bin/../lib/gcc/arm-none-eabi/10.2.1/../../../../arm-none-eabi/lib/thumb/v7e-m/nofp/libc.a(lib_a-freer.o)
 .text          0x00000000080007dc        0x0 /home/keith/Tools/gcc-arm-none-eabi-10-2020-q4-major/bin/../lib/gcc/arm-none-eabi/10.2.1/../../../../arm-none-eabi/lib/thumb/v7e-m/nofp/libc.a(lib_a-fvwrite.o)
 .text          0x00000000080007dc        0x0 /home/keith/Tools/gcc-arm-none-eabi-10-2020-q4-major/bin/../lib/gcc/arm-none-eabi/10.2.1/../../../../arm-none-eabi/lib/thumb/v7e-m/nofp/libc.a(lib_a-fwalk.o)
 .text          0x00000000080007dc        0x0 /home/keith/Tools/gcc-arm-none-eabi-10-2020-q4-major/bin/../lib/gcc/arm-none-eabi/10.2.1/../../../../arm-none-eabi/lib/thumb/v7e-m/nofp/libc.a(lib_a-localeconv.o)
 .text          0x00000000080007dc        0x0 /home/keith/Tools/gcc-arm-none-eabi-10-2020-q4-major/bin/../lib/gcc/arm-none-eabi/10.2.1/../../../../arm-none-eabi/lib/thumb/v7e-m/nofp/libc.a(lib_a-lock.o)
 .text          0x00000000080007dc        0x0 /home/keith/Tools/gcc-arm-none-eabi-10-2020-q4-major/bin/../lib/gcc/arm-none-eabi/10.2.1/../../../../arm-none-eabi/lib/thumb/v7e-m/nofp/libc.a(lib_a-makebuf.o)
 .text          0x00000000080007dc        0x0 /home/keith/Tools/gcc-arm-none-eabi-10-2020-q4-major/bin/../lib/gcc/arm-none-eabi/10.2.1/../../../../arm-none-eabi/lib/thumb/v7e-m/nofp/libc.a(lib_a-mallocr.o)
 *fill*         0x00000000080007dc        0x4 
 .text          0x00000000080007e0       0xa0 /home/keith/Tools/gcc-arm-none-eabi-10-2020-q4-major/bin/../lib/gcc/arm-none-eabi/10.2.1/../../../../arm-none-eabi/lib/thumb/v7e-m/nofp/libc.a(lib_a-memchr.o)
                0x00000000080007e0                memchr
 .text          0x0000000008000880      0x134 /home/keith/Tools/gcc-arm-none-eabi-10-2020-q4-major/bin/../lib/gcc/arm-none-eabi/10.2.1/../../../../arm-none-eabi/lib/thumb/v7e-m/nofp/libc.a(lib_a-memcpy.o)
                0x0000000008000880                memcpy
 .text          0x00000000080009b4        0x0 /home/keith/Tools/gcc-arm-none-eabi-10-2020-q4-major/bin/../lib/gcc/arm-none-eabi/10.2.1/../../../../arm-none-eabi/lib/thumb/v7e-m/nofp/libc.a(lib_a-memmove.o)
 .text          0x00000000080009b4        0x0 /home/keith/Tools/gcc-arm-none-eabi-10-2020-q4-major/bin/../lib/gcc/arm-none-eabi/10.2.1/../../../../arm-none-eabi/lib/thumb/v7e-m/nofp/libc.a(lib_a-mlock.o)
 .text          0x00000000080009b4        0x0 /home/keith/Tools/gcc-arm-none-eabi-10-2020-q4-major/bin/../lib/gcc/arm-none-eabi/10.2.1/../../../../arm-none-eabi/lib/thumb/v7e-m/nofp/libc.a(lib_a-mprec.o)
 .text          0x00000000080009b4        0x0 /home/keith/Tools/gcc-arm-none-eabi-10-2020-q4-major/bin/../lib/gcc/arm-none-eabi/10.2.1/../../../../arm-none-eabi/lib/thumb/v7e-m/nofp/libc.a(lib_a-reallocr.o)
 .text          0x00000000080009b4        0x0 /home/keith/Tools/gcc-arm-none-eabi-10-2020-q4-major/bin/../lib/gcc/arm-none-eabi/10.2.1/../../../../arm-none-eabi/lib/thumb/v7e-m/nofp/libc.a(lib_a-s_frexp.o)
 .text          0x00000000080009b4        0x0 /home/keith/Tools/gcc-arm-none-eabi-10-2020-q4-major/bin/../lib/gcc/arm-none-eabi/10.2.1/../../../../arm-none-eabi/lib/thumb/v7e-m/nofp/libc.a(lib_a-sbrkr.o)
 .text          0x00000000080009b4        0x0 /home/keith/Tools/gcc-arm-none-eabi-10-2020-q4-major/bin/../lib/gcc/arm-none-eabi/10.2.1/../../../../arm-none-eabi/lib/thumb/v7e-m/nofp/libc.a(lib_a-stdio.o)
 .text          0x00000000080009b4        0x0 /home/keith/Tools/gcc-arm-none-eabi-10-2020-q4-major/bin/../lib/gcc/arm-none-eabi/10.2.1/../../../../arm-none-eabi/lib/thumb/v7e-m/nofp/libc.a(lib_a-strncpy.o)
 .text          0x00000000080009b4        0x0 /home/keith/Tools/gcc-arm-none-eabi-10-2020-q4-major/bin/../lib/gcc/arm-none-eabi/10.2.1/../../../../arm-none-eabi/lib/thumb/v7e-m/nofp/libc.a(lib_a-vfiprintf.o)
 .text          0x00000000080009b4        0x0 /home/keith/Tools/gcc-arm-none-eabi-10-2020-q4-major/bin/../lib/gcc/arm-none-eabi/10.2.1/../../../../arm-none-eabi/lib/thumb/v7e-m/nofp/libc.a(lib_a-writer.o)
 .text          0x00000000080009b4        0x0 /home/keith/Tools/gcc-arm-none-eabi-10-2020-q4-major/bin/../lib/gcc/arm-none-eabi/10.2.1/../../../../arm-none-eabi/lib/thumb/v7e-m/nofp/libc.a(lib_a-__atexit.o)
 .text          0x00000000080009b4        0x0 /home/keith/Tools/gcc-arm-none-eabi-10-2020-q4-major/bin/../lib/gcc/arm-none-eabi/10.2.1/../../../../arm-none-eabi/lib/thumb/v7e-m/nofp/libc.a(lib_a-assert.o)
 .text          0x00000000080009b4        0x0 /home/keith/Tools/gcc-arm-none-eabi-10-2020-q4-major/bin/../lib/gcc/arm-none-eabi/10.2.1/../../../../arm-none-eabi/lib/thumb/v7e-m/nofp/libc.a(lib_a-callocr.o)
 .text          0x00000000080009b4        0x0 /home/keith/Tools/gcc-arm-none-eabi-10-2020-q4-major/bin/../lib/gcc/arm-none-eabi/10.2.1/../../../../arm-none-eabi/lib/thumb/v7e-m/nofp/libc.a(lib_a-closer.o)
 .text          0x00000000080009b4        0x0 /home/keith/Tools/gcc-arm-none-eabi-10-2020-q4-major/bin/../lib/gcc/arm-none-eabi/10.2.1/../../../../arm-none-eabi/lib/thumb/v7e-m/nofp/libc.a(lib_a-fclose.o)
 .text          0x00000000080009b4        0x0 /home/keith/Tools/gcc-arm-none-eabi-10-2020-q4-major/bin/../lib/gcc/arm-none-eabi/10.2.1/../../../../arm-none-eabi/lib/thumb/v7e-m/nofp/libc.a(lib_a-fiprintf.o)
 .text          0x00000000080009b4        0x0 /home/keith/Tools/gcc-arm-none-eabi-10-2020-q4-major/bin/../lib/gcc/arm-none-eabi/10.2.1/../../../../arm-none-eabi/lib/thumb/v7e-m/nofp/libc.a(lib_a-fputwc.o)
 .text          0x00000000080009b4        0x0 /home/keith/Tools/gcc-arm-none-eabi-10-2020-q4-major/bin/../lib/gcc/arm-none-eabi/10.2.1/../../../../arm-none-eabi/lib/thumb/v7e-m/nofp/libc.a(lib_a-fstatr.o)
 .text          0x00000000080009b4        0x0 /home/keith/Tools/gcc-arm-none-eabi-10-2020-q4-major/bin/../lib/gcc/arm-none-eabi/10.2.1/../../../../arm-none-eabi/lib/thumb/v7e-m/nofp/libc.a(lib_a-isattyr.o)
 .text          0x00000000080009b4        0x0 /home/keith/Tools/gcc-arm-none-eabi-10-2020-q4-major/bin/../lib/gcc/arm-none-eabi/10.2.1/../../../../arm-none-eabi/lib/thumb/v7e-m/nofp/libc.a(lib_a-locale.o)
 .text          0x00000000080009b4        0x0 /home/keith/Tools/gcc-arm-none-eabi-10-2020-q4-major/bin/../lib/gcc/arm-none-eabi/10.2.1/../../../../arm-none-eabi/lib/thumb/v7e-m/nofp/libc.a(lib_a-lseekr.o)
 .text          0x00000000080009b4        0x0 /home/keith/Tools/gcc-arm-none-eabi-10-2020-q4-major/bin/../lib/gcc/arm-none-eabi/10.2.1/../../../../arm-none-eabi/lib/thumb/v7e-m/nofp/libc.a(lib_a-mbtowc_r.o)
 .text          0x00000000080009b4        0x0 /home/keith/Tools/gcc-arm-none-eabi-10-2020-q4-major/bin/../lib/gcc/arm-none-eabi/10.2.1/../../../../arm-none-eabi/lib/thumb/v7e-m/nofp/libc.a(lib_a-readr.o)
 .text          0x00000000080009b4        0x0 /home/keith/Tools/gcc-arm-none-eabi-10-2020-q4-major/bin/../lib/gcc/arm-none-eabi/10.2.1/../../../../arm-none-eabi/lib/thumb/v7e-m/nofp/libc.a(lib_a-reent.o)
 *fill*         0x00000000080009b4        0xc 
 .text          0x00000000080009c0      0x2dc /home/keith/Tools/gcc-arm-none-eabi-10-2020-q4-major/bin/../lib/gcc/arm-none-eabi/10.2.1/../../../../arm-none-eabi/lib/thumb/v7e-m/nofp/libc.a(lib_a-strcmp.o)
                0x00000000080009c8                strcmp
 .text          0x0000000008000c9c        0x0 /home/keith/Tools/gcc-arm-none-eabi-10-2020-q4-major/bin/../lib/gcc/arm-none-eabi/10.2.1/../../../../arm-none-eabi/lib/thumb/v7e-m/nofp/libc.a(lib_a-wbuf.o)
 .text          0x0000000008000c9c        0x0 /home/keith/Tools/gcc-arm-none-eabi-10-2020-q4-major/bin/../lib/gcc/arm-none-eabi/10.2.1/../../../../arm-none-eabi/lib/thumb/v7e-m/nofp/libc.a(lib_a-wcrtomb.o)
 .text          0x0000000008000c9c        0x0 /home/keith/Tools/gcc-arm-none-eabi-10-2020-q4-major/bin/../lib/gcc/arm-none-eabi/10.2.1/../../../../arm-none-eabi/lib/thumb/v7e-m/nofp/libc.a(lib_a-wctomb_r.o)
 .text          0x0000000008000c9c        0x0 /home/keith/Tools/gcc-arm-none-eabi-10-2020-q4-major/bin/../lib/gcc/arm-none-eabi/10.2.1/../../../../arm-none-eabi/lib/thumb/v7e-m/nofp/libc.a(lib_a-abort.o)
 .text          0x0000000008000c9c        0x0 /home/keith/Tools/gcc-arm-none-eabi-10-2020-q4-major/bin/../lib/gcc/arm-none-eabi/10.2.1/../../../../arm-none-eabi/lib/thumb/v7e-m/nofp/libc.a(lib_a-ctype_.o)
 .text          0x0000000008000c9c        0x0 /home/keith/Tools/gcc-arm-none-eabi-10-2020-q4-major/bin/../lib/gcc/arm-none-eabi/10.2.1/../../../../arm-none-eabi/lib/thumb/v7e-m/nofp/libc.a(lib_a-signal.o)
 .text          0x0000000008000c9c        0x0 /home/keith/Tools/gcc-arm-none-eabi-10-2020-q4-major/bin/../lib/gcc/arm-none-eabi/10.2.1/../../../../arm-none-eabi/lib/thumb/v7e-m/nofp/libc.a(lib_a-signalr.o)
 .text          0x0000000008000c9c      0x254 /home/keith/Tools/gcc-arm-none-eabi-10-2020-q4-major/bin/../lib/gcc/arm-none-eabi/10.2.1/thumb/v7e-m/nofp/libgcc.a(_arm_muldf3.o)
 .text          0x0000000008000ef0      0x378 /home/keith/Tools/gcc-arm-none-eabi-10-2020-q4-major/bin/../lib/gcc/arm-none-eabi/10.2.1/thumb/v7e-m/nofp/libgcc.a(_arm_addsubdf3.o)
                0x0000000008000ef0                __aeabi_drsub
                0x0000000008000ef8                __aeabi_dsub
                0x0000000008000ef8                __subdf3
                0x0000000008000efc                __adddf3
                0x0000000008000efc                __aeabi_dadd
                0x0000000008001174                __aeabi_ui2d
                0x0000000008001174                __floatunsidf
                0x0000000008001194                __floatsidf
                0x0000000008001194                __aeabi_i2d
                0x00000000080011b8                __extendsfdf2
                0x00000000080011b8                __aeabi_f2d
                0x00000000080011fc                __aeabi_ul2d
                0x00000000080011fc                __floatundidf
                0x000000000800120c                __floatdidf
                0x000000000800120c                __aeabi_l2d
 .text          0x0000000008001268      0x424 /home/keith/Tools/gcc-arm-none-eabi-10-2020-q4-major/bin/../lib/gcc/arm-none-eabi/10.2.1/thumb/v7e-m/nofp/libgcc.a(_arm_muldivdf3.o)
                0x0000000008001268                __aeabi_dmul
                0x0000000008001268                __muldf3
                0x00000000080014bc                __aeabi_ddiv
                0x00000000080014bc                __divdf3
 .text          0x000000000800168c      0x110 /home/keith/Tools/gcc-arm-none-eabi-10-2020-q4-major/bin/../lib/gcc/arm-none-eabi/10.2.1/thumb/v7e-m/nofp/libgcc.a(_arm_cmpdf2.o)
                0x000000000800168c                __gtdf2
                0x000000000800168c                __gedf2
                0x0000000008001694                __ltdf2
                0x0000000008001694                __ledf2
                0x000000000800169c                __cmpdf2
                0x000000000800169c                __eqdf2
                0x000000000800169c                __nedf2
                0x0000000008001718                __aeabi_cdrcmple
                0x0000000008001728                __aeabi_cdcmple
                0x0000000008001728                __aeabi_cdcmpeq
                0x0000000008001738                __aeabi_dcmpeq
                0x000000000800174c                __aeabi_dcmplt
                0x0000000008001760                __aeabi_dcmple
                0x0000000008001774                __aeabi_dcmpge
                0x0000000008001788                __aeabi_dcmpgt
 .text          0x000000000800179c       0x2c /home/keith/Tools/gcc-arm-none-eabi-10-2020-q4-major/bin/../lib/gcc/arm-none-eabi/10.2.1/thumb/v7e-m/nofp/libgcc.a(_arm_unorddf2.o)
                0x000000000800179c                __aeabi_dcmpun
                0x000000000800179c                __unorddf2
 .text          0x00000000080017c8       0x50 /home/keith/Tools/gcc-arm-none-eabi-10-2020-q4-major/bin/../lib/gcc/arm-none-eabi/10.2.1/thumb/v7e-m/nofp/libgcc.a(_arm_fixdfsi.o)
                0x00000000080017c8                __fixdfsi
                0x00000000080017c8                __aeabi_d2iz
 .text          0x0000000008001818       0x30 /home/keith/Tools/gcc-arm-none-eabi-10-2020-q4-major/bin/../lib/gcc/arm-none-eabi/10.2.1/thumb/v7e-m/nofp/libgcc.a(_aeabi_uldivmod.o)
                0x0000000008001818                __aeabi_uldivmod
 .text          0x0000000008001848      0x2d0 /home/keith/Tools/gcc-arm-none-eabi-10-2020-q4-major/bin/../lib/gcc/arm-none-eabi/10.2.1/thumb/v7e-m/nofp/libgcc.a(_udivmoddi4.o)
                0x0000000008001848                __udivmoddi4
 .text          0x0000000008001b18        0x4 /home/keith/Tools/gcc-arm-none-eabi-10-2020-q4-major/bin/../lib/gcc/arm-none-eabi/10.2.1/thumb/v7e-m/nofp/libgcc.a(_dvmd_tls.o)
                0x0000000008001b18                __aeabi_ldiv0
                0x0000000008001b18                __aeabi_idiv0
 .text          0x0000000008001b1c        0x0 /home/keith/Tools/gcc-arm-none-eabi-10-2020-q4-major/bin/../lib/gcc/arm-none-eabi/10.2.1/../../../../arm-none-eabi/lib/thumb/v7e-m/nofp/librdimon.a(rdimon-syscalls.o)
 .text          0x0000000008001b1c        0x0 /home/keith/Tools/gcc-arm-none-eabi-10-2020-q4-major/bin/../lib/gcc/arm-none-eabi/10.2.1/../../../../arm-none-eabi/lib/thumb/v7e-m/nofp/librdimon.a(rdimon-_exit.o)
 .text          0x0000000008001b1c        0x0 /home/keith/Tools/gcc-arm-none-eabi-10-2020-q4-major/bin/../lib/gcc/arm-none-eabi/10.2.1/../../../../arm-none-eabi/lib/thumb/v7e-m/nofp/librdimon.a(rdimon-_kill.o)
 .text          0x0000000008001b1c        0x0 /home/keith/Tools/gcc-arm-none-eabi-10-2020-q4-major/bin/../lib/gcc/arm-none-eabi/10.2.1/../../../../arm-none-eabi/lib/thumb/v7e-m/nofp/libc.a(lib_a-errno.o)
 .text          0x0000000008001b1c        0x0 /home/keith/Tools/gcc-arm-none-eabi-10-2020-q4-major/bin/../lib/gcc/arm-none-eabi/10.2.1/thumb/v7e-m/nofp/crtend.o
 .text          0x0000000008001b1c        0x0 /home/keith/Tools/gcc-arm-none-eabi-10-2020-q4-major/bin/../lib/gcc/arm-none-eabi/10.2.1/thumb/v7e-m/nofp/crtn.o
 *(.text.*)
 .text.exit     0x0000000008001b1c       0x20 /home/keith/Tools/gcc-arm-none-eabi-10-2020-q4-major/bin/../lib/gcc/arm-none-eabi/10.2.1/../../../../arm-none-eabi/lib/thumb/v7e-m/nofp/libc.a(lib_a-exit.o)
                0x0000000008001b1c                exit
 .text.__libc_init_array
                0x0000000008001b3c       0x48 /home/keith/Tools/gcc-arm-none-eabi-10-2020-q4-major/bin/../lib/gcc/arm-none-eabi/10.2.1/../../../../arm-none-eabi/lib/thumb/v7e-m/nofp/libc.a(lib_a-init.o)
                0x0000000008001b3c                __libc_init_array
 .text.memset   0x0000000008001b84       0xa4 /home/keith/Tools/gcc-arm-none-eabi-10-2020-q4-major/bin/../lib/gcc/arm-none-eabi/10.2.1/../../../../arm-none-eabi/lib/thumb/v7e-m/nofp/libc.a(lib_a-memset.o)
                0x0000000008001b84                memset
 .text._printf_r
                0x0000000008001c28       0x20 /home/keith/Tools/gcc-arm-none-eabi-10-2020-q4-major/bin/../lib/gcc/arm-none-eabi/10.2.1/../../../../arm-none-eabi/lib/thumb/v7e-m/nofp/libc.a(lib_a-printf.o)
                0x0000000008001c28                _printf_r
 .text.printf   0x0000000008001c48       0x28 /home/keith/Tools/gcc-arm-none-eabi-10-2020-q4-major/bin/../lib/gcc/arm-none-eabi/10.2.1/../../../../arm-none-eabi/lib/thumb/v7e-m/nofp/libc.a(lib_a-printf.o)
                0x0000000008001c48                printf
 .text._puts_r  0x0000000008001c70       0x9c /home/keith/Tools/gcc-arm-none-eabi-10-2020-q4-major/bin/../lib/gcc/arm-none-eabi/10.2.1/../../../../arm-none-eabi/lib/thumb/v7e-m/nofp/libc.a(lib_a-puts.o)
                0x0000000008001c70                _puts_r
 .text.puts     0x0000000008001d0c       0x10 /home/keith/Tools/gcc-arm-none-eabi-10-2020-q4-major/bin/../lib/gcc/arm-none-eabi/10.2.1/../../../../arm-none-eabi/lib/thumb/v7e-m/nofp/libc.a(lib_a-puts.o)
                0x0000000008001d0c                puts
 .text._vfprintf_r
                0x0000000008001d1c     0x1ad4 /home/keith/Tools/gcc-arm-none-eabi-10-2020-q4-major/bin/../lib/gcc/arm-none-eabi/10.2.1/../../../../arm-none-eabi/lib/thumb/v7e-m/nofp/libc.a(lib_a-vfprintf.o)
                0x0000000008001d1c                _vfprintf_r
 .text.vfprintf
                0x00000000080037f0       0x18 /home/keith/Tools/gcc-arm-none-eabi-10-2020-q4-major/bin/../lib/gcc/arm-none-eabi/10.2.1/../../../../arm-none-eabi/lib/thumb/v7e-m/nofp/libc.a(lib_a-vfprintf.o)
                0x00000000080037f0                vfprintf
 .text.__sbprintf
                0x0000000008003808       0x80 /home/keith/Tools/gcc-arm-none-eabi-10-2020-q4-major/bin/../lib/gcc/arm-none-eabi/10.2.1/../../../../arm-none-eabi/lib/thumb/v7e-m/nofp/libc.a(lib_a-vfprintf.o)
 .text.__swsetup_r
                0x0000000008003888       0xd4 /home/keith/Tools/gcc-arm-none-eabi-10-2020-q4-major/bin/../lib/gcc/arm-none-eabi/10.2.1/../../../../arm-none-eabi/lib/thumb/v7e-m/nofp/libc.a(lib_a-wsetup.o)
                0x0000000008003888                __swsetup_r
 .text.startup.register_fini
                0x000000000800395c       0x14 /home/keith/Tools/gcc-arm-none-eabi-10-2020-q4-major/bin/../lib/gcc/arm-none-eabi/10.2.1/../../../../arm-none-eabi/lib/thumb/v7e-m/nofp/libc.a(lib_a-__call_atexit.o)
 .text.__call_exitprocs
                0x0000000008003970       0xc4 /home/keith/Tools/gcc-arm-none-eabi-10-2020-q4-major/bin/../lib/gcc/arm-none-eabi/10.2.1/../../../../arm-none-eabi/lib/thumb/v7e-m/nofp/libc.a(lib_a-__call_atexit.o)
                0x0000000008003970                __call_exitprocs
 .text.atexit   0x0000000008003a34        0xc /home/keith/Tools/gcc-arm-none-eabi-10-2020-q4-major/bin/../lib/gcc/arm-none-eabi/10.2.1/../../../../arm-none-eabi/lib/thumb/v7e-m/nofp/libc.a(lib_a-atexit.o)
                0x0000000008003a34                atexit
 .text.quorem   0x0000000008003a40      0x124 /home/keith/Tools/gcc-arm-none-eabi-10-2020-q4-major/bin/../lib/gcc/arm-none-eabi/10.2.1/../../../../arm-none-eabi/lib/thumb/v7e-m/nofp/libc.a(lib_a-dtoa.o)
 *fill*         0x0000000008003b64        0x4 
 .text._dtoa_r  0x0000000008003b68      0xec4 /home/keith/Tools/gcc-arm-none-eabi-10-2020-q4-major/bin/../lib/gcc/arm-none-eabi/10.2.1/../../../../arm-none-eabi/lib/thumb/v7e-m/nofp/libc.a(lib_a-dtoa.o)
                0x0000000008003b68                _dtoa_r
 .text.__sflush_r
                0x0000000008004a2c      0x120 /home/keith/Tools/gcc-arm-none-eabi-10-2020-q4-major/bin/../lib/gcc/arm-none-eabi/10.2.1/../../../../arm-none-eabi/lib/thumb/v7e-m/nofp/libc.a(lib_a-fflush.o)
                0x0000000008004a2c                __sflush_r
 .text._fflush_r
                0x0000000008004b4c       0x5c /home/keith/Tools/gcc-arm-none-eabi-10-2020-q4-major/bin/../lib/gcc/arm-none-eabi/10.2.1/../../../../arm-none-eabi/lib/thumb/v7e-m/nofp/libc.a(lib_a-fflush.o)
                0x0000000008004b4c                _fflush_r
 .text.fflush   0x0000000008004ba8       0x74 /home/keith/Tools/gcc-arm-none-eabi-10-2020-q4-major/bin/../lib/gcc/arm-none-eabi/10.2.1/../../../../arm-none-eabi/lib/thumb/v7e-m/nofp/libc.a(lib_a-fflush.o)
                0x0000000008004ba8                fflush
 .text._cleanup_r
                0x0000000008004c1c        0xc /home/keith/Tools/gcc-arm-none-eabi-10-2020-q4-major/bin/../lib/gcc/arm-none-eabi/10.2.1/../../../../arm-none-eabi/lib/thumb/v7e-m/nofp/libc.a(lib_a-findfp.o)
                0x0000000008004c1c                _cleanup_r
 .text.__fp_lock
                0x0000000008004c28       0x1c /home/keith/Tools/gcc-arm-none-eabi-10-2020-q4-major/bin/../lib/gcc/arm-none-eabi/10.2.1/../../../../arm-none-eabi/lib/thumb/v7e-m/nofp/libc.a(lib_a-findfp.o)
 .text.__fp_unlock
                0x0000000008004c44       0x1c /home/keith/Tools/gcc-arm-none-eabi-10-2020-q4-major/bin/../lib/gcc/arm-none-eabi/10.2.1/../../../../arm-none-eabi/lib/thumb/v7e-m/nofp/libc.a(lib_a-findfp.o)
 .text.__sfmoreglue
                0x0000000008004c60       0x30 /home/keith/Tools/gcc-arm-none-eabi-10-2020-q4-major/bin/../lib/gcc/arm-none-eabi/10.2.1/../../../../arm-none-eabi/lib/thumb/v7e-m/nofp/libc.a(lib_a-findfp.o)
                0x0000000008004c60                __sfmoreglue
 .text._cleanup
                0x0000000008004c90       0x14 /home/keith/Tools/gcc-arm-none-eabi-10-2020-q4-major/bin/../lib/gcc/arm-none-eabi/10.2.1/../../../../arm-none-eabi/lib/thumb/v7e-m/nofp/libc.a(lib_a-findfp.o)
                0x0000000008004c90                _cleanup
 .text.__sinit  0x0000000008004ca4      0x10c /home/keith/Tools/gcc-arm-none-eabi-10-2020-q4-major/bin/../lib/gcc/arm-none-eabi/10.2.1/../../../../arm-none-eabi/lib/thumb/v7e-m/nofp/libc.a(lib_a-findfp.o)
                0x0000000008004ca4                __sinit
 .text.__sfp    0x0000000008004db0       0xc8 /home/keith/Tools/gcc-arm-none-eabi-10-2020-q4-major/bin/../lib/gcc/arm-none-eabi/10.2.1/../../../../arm-none-eabi/lib/thumb/v7e-m/nofp/libc.a(lib_a-findfp.o)
                0x0000000008004db0                __sfp
 .text.__sfp_lock_acquire
                0x0000000008004e78        0xc /home/keith/Tools/gcc-arm-none-eabi-10-2020-q4-major/bin/../lib/gcc/arm-none-eabi/10.2.1/../../../../arm-none-eabi/lib/thumb/v7e-m/nofp/libc.a(lib_a-findfp.o)
                0x0000000008004e78                __sfp_lock_acquire
 .text.__sfp_lock_release
                0x0000000008004e84        0xc /home/keith/Tools/gcc-arm-none-eabi-10-2020-q4-major/bin/../lib/gcc/arm-none-eabi/10.2.1/../../../../arm-none-eabi/lib/thumb/v7e-m/nofp/libc.a(lib_a-findfp.o)
                0x0000000008004e84                __sfp_lock_release
 .text.__sinit_lock_acquire
                0x0000000008004e90        0xc /home/keith/Tools/gcc-arm-none-eabi-10-2020-q4-major/bin/../lib/gcc/arm-none-eabi/10.2.1/../../../../arm-none-eabi/lib/thumb/v7e-m/nofp/libc.a(lib_a-findfp.o)
                0x0000000008004e90                __sinit_lock_acquire
 .text.__sinit_lock_release
                0x0000000008004e9c        0xc /home/keith/Tools/gcc-arm-none-eabi-10-2020-q4-major/bin/../lib/gcc/arm-none-eabi/10.2.1/../../../../arm-none-eabi/lib/thumb/v7e-m/nofp/libc.a(lib_a-findfp.o)
                0x0000000008004e9c                __sinit_lock_release
 .text.__fp_lock_all
                0x0000000008004ea8       0x24 /home/keith/Tools/gcc-arm-none-eabi-10-2020-q4-major/bin/../lib/gcc/arm-none-eabi/10.2.1/../../../../arm-none-eabi/lib/thumb/v7e-m/nofp/libc.a(lib_a-findfp.o)
                0x0000000008004ea8                __fp_lock_all
 .text.__fp_unlock_all
                0x0000000008004ecc       0x24 /home/keith/Tools/gcc-arm-none-eabi-10-2020-q4-major/bin/../lib/gcc/arm-none-eabi/10.2.1/../../../../arm-none-eabi/lib/thumb/v7e-m/nofp/libc.a(lib_a-findfp.o)
                0x0000000008004ecc                __fp_unlock_all
 .text.__libc_fini_array
                0x0000000008004ef0       0x2c /home/keith/Tools/gcc-arm-none-eabi-10-2020-q4-major/bin/../lib/gcc/arm-none-eabi/10.2.1/../../../../arm-none-eabi/lib/thumb/v7e-m/nofp/libc.a(lib_a-fini.o)
                0x0000000008004ef0                __libc_fini_array
 .text._malloc_trim_r
                0x0000000008004f1c       0xa0 /home/keith/Tools/gcc-arm-none-eabi-10-2020-q4-major/bin/../lib/gcc/arm-none-eabi/10.2.1/../../../../arm-none-eabi/lib/thumb/v7e-m/nofp/libc.a(lib_a-freer.o)
                0x0000000008004f1c                _malloc_trim_r
 .text._free_r  0x0000000008004fbc      0x20c /home/keith/Tools/gcc-arm-none-eabi-10-2020-q4-major/bin/../lib/gcc/arm-none-eabi/10.2.1/../../../../arm-none-eabi/lib/thumb/v7e-m/nofp/libc.a(lib_a-freer.o)
                0x0000000008004fbc                _free_r
 .text.__sfvwrite_r
                0x00000000080051c8      0x2e8 /home/keith/Tools/gcc-arm-none-eabi-10-2020-q4-major/bin/../lib/gcc/arm-none-eabi/10.2.1/../../../../arm-none-eabi/lib/thumb/v7e-m/nofp/libc.a(lib_a-fvwrite.o)
                0x00000000080051c8                __sfvwrite_r
 .text._fwalk   0x00000000080054b0       0x40 /home/keith/Tools/gcc-arm-none-eabi-10-2020-q4-major/bin/../lib/gcc/arm-none-eabi/10.2.1/../../../../arm-none-eabi/lib/thumb/v7e-m/nofp/libc.a(lib_a-fwalk.o)
                0x00000000080054b0                _fwalk
 .text._fwalk_reent
                0x00000000080054f0       0x48 /home/keith/Tools/gcc-arm-none-eabi-10-2020-q4-major/bin/../lib/gcc/arm-none-eabi/10.2.1/../../../../arm-none-eabi/lib/thumb/v7e-m/nofp/libc.a(lib_a-fwalk.o)
                0x00000000080054f0                _fwalk_reent
 .text.__localeconv_l
                0x0000000008005538        0x4 /home/keith/Tools/gcc-arm-none-eabi-10-2020-q4-major/bin/../lib/gcc/arm-none-eabi/10.2.1/../../../../arm-none-eabi/lib/thumb/v7e-m/nofp/libc.a(lib_a-localeconv.o)
                0x0000000008005538                __localeconv_l
 .text._localeconv_r
                0x000000000800553c        0x8 /home/keith/Tools/gcc-arm-none-eabi-10-2020-q4-major/bin/../lib/gcc/arm-none-eabi/10.2.1/../../../../arm-none-eabi/lib/thumb/v7e-m/nofp/libc.a(lib_a-localeconv.o)
                0x000000000800553c                _localeconv_r
 .text.localeconv
                0x0000000008005544        0x8 /home/keith/Tools/gcc-arm-none-eabi-10-2020-q4-major/bin/../lib/gcc/arm-none-eabi/10.2.1/../../../../arm-none-eabi/lib/thumb/v7e-m/nofp/libc.a(lib_a-localeconv.o)
                0x0000000008005544                localeconv
 .text.__retarget_lock_init
                0x000000000800554c        0x4 /home/keith/Tools/gcc-arm-none-eabi-10-2020-q4-major/bin/../lib/gcc/arm-none-eabi/10.2.1/../../../../arm-none-eabi/lib/thumb/v7e-m/nofp/libc.a(lib_a-lock.o)
                0x000000000800554c                __retarget_lock_init
 .text.__retarget_lock_init_recursive
                0x0000000008005550        0x4 /home/keith/Tools/gcc-arm-none-eabi-10-2020-q4-major/bin/../lib/gcc/arm-none-eabi/10.2.1/../../../../arm-none-eabi/lib/thumb/v7e-m/nofp/libc.a(lib_a-lock.o)
                0x0000000008005550                __retarget_lock_init_recursive
 .text.__retarget_lock_close
                0x0000000008005554        0x4 /home/keith/Tools/gcc-arm-none-eabi-10-2020-q4-major/bin/../lib/gcc/arm-none-eabi/10.2.1/../../../../arm-none-eabi/lib/thumb/v7e-m/nofp/libc.a(lib_a-lock.o)
                0x0000000008005554                __retarget_lock_close
 .text.__retarget_lock_close_recursive
                0x0000000008005558        0x4 /home/keith/Tools/gcc-arm-none-eabi-10-2020-q4-major/bin/../lib/gcc/arm-none-eabi/10.2.1/../../../../arm-none-eabi/lib/thumb/v7e-m/nofp/libc.a(lib_a-lock.o)
                0x0000000008005558                __retarget_lock_close_recursive
 .text.__retarget_lock_acquire
                0x000000000800555c        0x4 /home/keith/Tools/gcc-arm-none-eabi-10-2020-q4-major/bin/../lib/gcc/arm-none-eabi/10.2.1/../../../../arm-none-eabi/lib/thumb/v7e-m/nofp/libc.a(lib_a-lock.o)
                0x000000000800555c                __retarget_lock_acquire
 .text.__retarget_lock_acquire_recursive
                0x0000000008005560        0x4 /home/keith/Tools/gcc-arm-none-eabi-10-2020-q4-major/bin/../lib/gcc/arm-none-eabi/10.2.1/../../../../arm-none-eabi/lib/thumb/v7e-m/nofp/libc.a(lib_a-lock.o)
                0x0000000008005560                __retarget_lock_acquire_recursive
 .text.__retarget_lock_try_acquire
                0x0000000008005564        0x4 /home/keith/Tools/gcc-arm-none-eabi-10-2020-q4-major/bin/../lib/gcc/arm-none-eabi/10.2.1/../../../../arm-none-eabi/lib/thumb/v7e-m/nofp/libc.a(lib_a-lock.o)
                0x0000000008005564                __retarget_lock_try_acquire
 .text.__retarget_lock_try_acquire_recursive
                0x0000000008005568        0x4 /home/keith/Tools/gcc-arm-none-eabi-10-2020-q4-major/bin/../lib/gcc/arm-none-eabi/10.2.1/../../../../arm-none-eabi/lib/thumb/v7e-m/nofp/libc.a(lib_a-lock.o)
                0x0000000008005568                __retarget_lock_try_acquire_recursive
 .text.__retarget_lock_release
                0x000000000800556c        0x4 /home/keith/Tools/gcc-arm-none-eabi-10-2020-q4-major/bin/../lib/gcc/arm-none-eabi/10.2.1/../../../../arm-none-eabi/lib/thumb/v7e-m/nofp/libc.a(lib_a-lock.o)
                0x000000000800556c                __retarget_lock_release
 .text.__retarget_lock_release_recursive
                0x0000000008005570        0x4 /home/keith/Tools/gcc-arm-none-eabi-10-2020-q4-major/bin/../lib/gcc/arm-none-eabi/10.2.1/../../../../arm-none-eabi/lib/thumb/v7e-m/nofp/libc.a(lib_a-lock.o)
                0x0000000008005570                __retarget_lock_release_recursive
 .text.__smakebuf_r
                0x0000000008005574       0xe0 /home/keith/Tools/gcc-arm-none-eabi-10-2020-q4-major/bin/../lib/gcc/arm-none-eabi/10.2.1/../../../../arm-none-eabi/lib/thumb/v7e-m/nofp/libc.a(lib_a-makebuf.o)
                0x0000000008005574                __smakebuf_r
 .text.__swhatbuf_r
                0x0000000008005654       0x60 /home/keith/Tools/gcc-arm-none-eabi-10-2020-q4-major/bin/../lib/gcc/arm-none-eabi/10.2.1/../../../../arm-none-eabi/lib/thumb/v7e-m/nofp/libc.a(lib_a-makebuf.o)
                0x0000000008005654                __swhatbuf_r
 .text._malloc_r
                0x00000000080056b4      0x560 /home/keith/Tools/gcc-arm-none-eabi-10-2020-q4-major/bin/../lib/gcc/arm-none-eabi/10.2.1/../../../../arm-none-eabi/lib/thumb/v7e-m/nofp/libc.a(lib_a-mallocr.o)
                0x00000000080056b4                _malloc_r
 .text.memmove  0x0000000008005c14       0xf8 /home/keith/Tools/gcc-arm-none-eabi-10-2020-q4-major/bin/../lib/gcc/arm-none-eabi/10.2.1/../../../../arm-none-eabi/lib/thumb/v7e-m/nofp/libc.a(lib_a-memmove.o)
                0x0000000008005c14                memmove
 .text.__malloc_lock
                0x0000000008005d0c        0xc /home/keith/Tools/gcc-arm-none-eabi-10-2020-q4-major/bin/../lib/gcc/arm-none-eabi/10.2.1/../../../../arm-none-eabi/lib/thumb/v7e-m/nofp/libc.a(lib_a-mlock.o)
                0x0000000008005d0c                __malloc_lock
 .text.__malloc_unlock
                0x0000000008005d18        0xc /home/keith/Tools/gcc-arm-none-eabi-10-2020-q4-major/bin/../lib/gcc/arm-none-eabi/10.2.1/../../../../arm-none-eabi/lib/thumb/v7e-m/nofp/libc.a(lib_a-mlock.o)
                0x0000000008005d18                __malloc_unlock
 .text._Balloc  0x0000000008005d24       0x4c /home/keith/Tools/gcc-arm-none-eabi-10-2020-q4-major/bin/../lib/gcc/arm-none-eabi/10.2.1/../../../../arm-none-eabi/lib/thumb/v7e-m/nofp/libc.a(lib_a-mprec.o)
                0x0000000008005d24                _Balloc
 .text._Bfree   0x0000000008005d70       0x14 /home/keith/Tools/gcc-arm-none-eabi-10-2020-q4-major/bin/../lib/gcc/arm-none-eabi/10.2.1/../../../../arm-none-eabi/lib/thumb/v7e-m/nofp/libc.a(lib_a-mprec.o)
                0x0000000008005d70                _Bfree
 .text.__multadd
                0x0000000008005d84       0xa0 /home/keith/Tools/gcc-arm-none-eabi-10-2020-q4-major/bin/../lib/gcc/arm-none-eabi/10.2.1/../../../../arm-none-eabi/lib/thumb/v7e-m/nofp/libc.a(lib_a-mprec.o)
                0x0000000008005d84                __multadd
 .text.__s2b    0x0000000008005e24       0xb4 /home/keith/Tools/gcc-arm-none-eabi-10-2020-q4-major/bin/../lib/gcc/arm-none-eabi/10.2.1/../../../../arm-none-eabi/lib/thumb/v7e-m/nofp/libc.a(lib_a-mprec.o)
                0x0000000008005e24                __s2b
 .text.__hi0bits
                0x0000000008005ed8       0x40 /home/keith/Tools/gcc-arm-none-eabi-10-2020-q4-major/bin/../lib/gcc/arm-none-eabi/10.2.1/../../../../arm-none-eabi/lib/thumb/v7e-m/nofp/libc.a(lib_a-mprec.o)
                0x0000000008005ed8                __hi0bits
 .text.__lo0bits
                0x0000000008005f18       0x5c /home/keith/Tools/gcc-arm-none-eabi-10-2020-q4-major/bin/../lib/gcc/arm-none-eabi/10.2.1/../../../../arm-none-eabi/lib/thumb/v7e-m/nofp/libc.a(lib_a-mprec.o)
                0x0000000008005f18                __lo0bits
 .text.__i2b    0x0000000008005f74       0x5c /home/keith/Tools/gcc-arm-none-eabi-10-2020-q4-major/bin/../lib/gcc/arm-none-eabi/10.2.1/../../../../arm-none-eabi/lib/thumb/v7e-m/nofp/libc.a(lib_a-mprec.o)
                0x0000000008005f74                __i2b
 .text.__multiply
                0x0000000008005fd0      0x15c /home/keith/Tools/gcc-arm-none-eabi-10-2020-q4-major/bin/../lib/gcc/arm-none-eabi/10.2.1/../../../../arm-none-eabi/lib/thumb/v7e-m/nofp/libc.a(lib_a-mprec.o)
                0x0000000008005fd0                __multiply
 .text.__pow5mult
                0x000000000800612c       0xc0 /home/keith/Tools/gcc-arm-none-eabi-10-2020-q4-major/bin/../lib/gcc/arm-none-eabi/10.2.1/../../../../arm-none-eabi/lib/thumb/v7e-m/nofp/libc.a(lib_a-mprec.o)
                0x000000000800612c                __pow5mult
 .text.__lshift
                0x00000000080061ec       0xf0 /home/keith/Tools/gcc-arm-none-eabi-10-2020-q4-major/bin/../lib/gcc/arm-none-eabi/10.2.1/../../../../arm-none-eabi/lib/thumb/v7e-m/nofp/libc.a(lib_a-mprec.o)
                0x00000000080061ec                __lshift
 .text.__mcmp   0x00000000080062dc       0x40 /home/keith/Tools/gcc-arm-none-eabi-10-2020-q4-major/bin/../lib/gcc/arm-none-eabi/10.2.1/../../../../arm-none-eabi/lib/thumb/v7e-m/nofp/libc.a(lib_a-mprec.o)
                0x00000000080062dc                __mcmp
 .text.__mdiff  0x000000000800631c      0x14c /home/keith/Tools/gcc-arm-none-eabi-10-2020-q4-major/bin/../lib/gcc/arm-none-eabi/10.2.1/../../../../arm-none-eabi/lib/thumb/v7e-m/nofp/libc.a(lib_a-mprec.o)
                0x000000000800631c                __mdiff
 .text.__ulp    0x0000000008006468       0x44 /home/keith/Tools/gcc-arm-none-eabi-10-2020-q4-major/bin/../lib/gcc/arm-none-eabi/10.2.1/../../../../arm-none-eabi/lib/thumb/v7e-m/nofp/libc.a(lib_a-mprec.o)
                0x0000000008006468                __ulp
 .text.__b2d    0x00000000080064ac       0xd0 /home/keith/Tools/gcc-arm-none-eabi-10-2020-q4-major/bin/../lib/gcc/arm-none-eabi/10.2.1/../../../../arm-none-eabi/lib/thumb/v7e-m/nofp/libc.a(lib_a-mprec.o)
                0x00000000080064ac                __b2d
 .text.__d2b    0x000000000800657c       0xc4 /home/keith/Tools/gcc-arm-none-eabi-10-2020-q4-major/bin/../lib/gcc/arm-none-eabi/10.2.1/../../../../arm-none-eabi/lib/thumb/v7e-m/nofp/libc.a(lib_a-mprec.o)
                0x000000000800657c                __d2b
 .text.__ratio  0x0000000008006640       0x5c /home/keith/Tools/gcc-arm-none-eabi-10-2020-q4-major/bin/../lib/gcc/arm-none-eabi/10.2.1/../../../../arm-none-eabi/lib/thumb/v7e-m/nofp/libc.a(lib_a-mprec.o)
                0x0000000008006640                __ratio
 .text._mprec_log10
                0x000000000800669c       0x38 /home/keith/Tools/gcc-arm-none-eabi-10-2020-q4-major/bin/../lib/gcc/arm-none-eabi/10.2.1/../../../../arm-none-eabi/lib/thumb/v7e-m/nofp/libc.a(lib_a-mprec.o)
                0x000000000800669c                _mprec_log10
 .text.__copybits
                0x00000000080066d4       0x5c /home/keith/Tools/gcc-arm-none-eabi-10-2020-q4-major/bin/../lib/gcc/arm-none-eabi/10.2.1/../../../../arm-none-eabi/lib/thumb/v7e-m/nofp/libc.a(lib_a-mprec.o)
                0x00000000080066d4                __copybits
 .text.__any_on
                0x0000000008006730       0x60 /home/keith/Tools/gcc-arm-none-eabi-10-2020-q4-major/bin/../lib/gcc/arm-none-eabi/10.2.1/../../../../arm-none-eabi/lib/thumb/v7e-m/nofp/libc.a(lib_a-mprec.o)
                0x0000000008006730                __any_on
 .text._realloc_r
                0x0000000008006790      0x3d8 /home/keith/Tools/gcc-arm-none-eabi-10-2020-q4-major/bin/../lib/gcc/arm-none-eabi/10.2.1/../../../../arm-none-eabi/lib/thumb/v7e-m/nofp/libc.a(lib_a-reallocr.o)
                0x0000000008006790                _realloc_r
 .text.frexp    0x0000000008006b68       0x70 /home/keith/Tools/gcc-arm-none-eabi-10-2020-q4-major/bin/../lib/gcc/arm-none-eabi/10.2.1/../../../../arm-none-eabi/lib/thumb/v7e-m/nofp/libc.a(lib_a-s_frexp.o)
                0x0000000008006b68                frexp
 .text._sbrk_r  0x0000000008006bd8       0x24 /home/keith/Tools/gcc-arm-none-eabi-10-2020-q4-major/bin/../lib/gcc/arm-none-eabi/10.2.1/../../../../arm-none-eabi/lib/thumb/v7e-m/nofp/libc.a(lib_a-sbrkr.o)
                0x0000000008006bd8                _sbrk_r
 .text.__sread  0x0000000008006bfc       0x24 /home/keith/Tools/gcc-arm-none-eabi-10-2020-q4-major/bin/../lib/gcc/arm-none-eabi/10.2.1/../../../../arm-none-eabi/lib/thumb/v7e-m/nofp/libc.a(lib_a-stdio.o)
                0x0000000008006bfc                __sread
 .text.__seofread
                0x0000000008006c20        0x4 /home/keith/Tools/gcc-arm-none-eabi-10-2020-q4-major/bin/../lib/gcc/arm-none-eabi/10.2.1/../../../../arm-none-eabi/lib/thumb/v7e-m/nofp/libc.a(lib_a-stdio.o)
                0x0000000008006c20                __seofread
 .text.__swrite
                0x0000000008006c24       0x40 /home/keith/Tools/gcc-arm-none-eabi-10-2020-q4-major/bin/../lib/gcc/arm-none-eabi/10.2.1/../../../../arm-none-eabi/lib/thumb/v7e-m/nofp/libc.a(lib_a-stdio.o)
                0x0000000008006c24                __swrite
 .text.__sseek  0x0000000008006c64       0x20 /home/keith/Tools/gcc-arm-none-eabi-10-2020-q4-major/bin/../lib/gcc/arm-none-eabi/10.2.1/../../../../arm-none-eabi/lib/thumb/v7e-m/nofp/libc.a(lib_a-stdio.o)
                0x0000000008006c64                __sseek
 .text.__sclose
                0x0000000008006c84        0x8 /home/keith/Tools/gcc-arm-none-eabi-10-2020-q4-major/bin/../lib/gcc/arm-none-eabi/10.2.1/../../../../arm-none-eabi/lib/thumb/v7e-m/nofp/libc.a(lib_a-stdio.o)
                0x0000000008006c84                __sclose
 .text.strncpy  0x0000000008006c8c       0x64 /home/keith/Tools/gcc-arm-none-eabi-10-2020-q4-major/bin/../lib/gcc/arm-none-eabi/10.2.1/../../../../arm-none-eabi/lib/thumb/v7e-m/nofp/libc.a(lib_a-strncpy.o)
                0x0000000008006c8c                strncpy
 .text.__sprint_r.part.0
                0x0000000008006cf0       0x78 /home/keith/Tools/gcc-arm-none-eabi-10-2020-q4-major/bin/../lib/gcc/arm-none-eabi/10.2.1/../../../../arm-none-eabi/lib/thumb/v7e-m/nofp/libc.a(lib_a-vfiprintf.o)
 .text.__sprint_r
                0x0000000008006d68       0x14 /home/keith/Tools/gcc-arm-none-eabi-10-2020-q4-major/bin/../lib/gcc/arm-none-eabi/10.2.1/../../../../arm-none-eabi/lib/thumb/v7e-m/nofp/libc.a(lib_a-vfiprintf.o)
                0x0000000008006d68                __sprint_r
 .text._vfiprintf_r
                0x0000000008006d7c      0xd94 /home/keith/Tools/gcc-arm-none-eabi-10-2020-q4-major/bin/../lib/gcc/arm-none-eabi/10.2.1/../../../../arm-none-eabi/lib/thumb/v7e-m/nofp/libc.a(lib_a-vfiprintf.o)
                0x0000000008006d7c                _vfiprintf_r
 .text.vfiprintf
                0x0000000008007b10       0x18 /home/keith/Tools/gcc-arm-none-eabi-10-2020-q4-major/bin/../lib/gcc/arm-none-eabi/10.2.1/../../../../arm-none-eabi/lib/thumb/v7e-m/nofp/libc.a(lib_a-vfiprintf.o)
                0x0000000008007b10                vfiprintf
 .text.__sbprintf
                0x0000000008007b28       0x80 /home/keith/Tools/gcc-arm-none-eabi-10-2020-q4-major/bin/../lib/gcc/arm-none-eabi/10.2.1/../../../../arm-none-eabi/lib/thumb/v7e-m/nofp/libc.a(lib_a-vfiprintf.o)
 .text._write_r
                0x0000000008007ba8       0x2c /home/keith/Tools/gcc-arm-none-eabi-10-2020-q4-major/bin/../lib/gcc/arm-none-eabi/10.2.1/../../../../arm-none-eabi/lib/thumb/v7e-m/nofp/libc.a(lib_a-writer.o)
                0x0000000008007ba8                _write_r
 .text.__register_exitproc
                0x0000000008007bd4       0x8c /home/keith/Tools/gcc-arm-none-eabi-10-2020-q4-major/bin/../lib/gcc/arm-none-eabi/10.2.1/../../../../arm-none-eabi/lib/thumb/v7e-m/nofp/libc.a(lib_a-__atexit.o)
                0x0000000008007bd4                __register_exitproc
 .text.__assert_func
                0x0000000008007c60       0x40 /home/keith/Tools/gcc-arm-none-eabi-10-2020-q4-major/bin/../lib/gcc/arm-none-eabi/10.2.1/../../../../arm-none-eabi/lib/thumb/v7e-m/nofp/libc.a(lib_a-assert.o)
                0x0000000008007c60                __assert_func
 .text.__assert
                0x0000000008007ca0        0xc /home/keith/Tools/gcc-arm-none-eabi-10-2020-q4-major/bin/../lib/gcc/arm-none-eabi/10.2.1/../../../../arm-none-eabi/lib/thumb/v7e-m/nofp/libc.a(lib_a-assert.o)
                0x0000000008007ca0                __assert
 .text._calloc_r
                0x0000000008007cac       0x60 /home/keith/Tools/gcc-arm-none-eabi-10-2020-q4-major/bin/../lib/gcc/arm-none-eabi/10.2.1/../../../../arm-none-eabi/lib/thumb/v7e-m/nofp/libc.a(lib_a-callocr.o)
                0x0000000008007cac                _calloc_r
 .text._close_r
                0x0000000008007d0c       0x24 /home/keith/Tools/gcc-arm-none-eabi-10-2020-q4-major/bin/../lib/gcc/arm-none-eabi/10.2.1/../../../../arm-none-eabi/lib/thumb/v7e-m/nofp/libc.a(lib_a-closer.o)
                0x0000000008007d0c                _close_r
 .text._fclose_r
                0x0000000008007d30       0xcc /home/keith/Tools/gcc-arm-none-eabi-10-2020-q4-major/bin/../lib/gcc/arm-none-eabi/10.2.1/../../../../arm-none-eabi/lib/thumb/v7e-m/nofp/libc.a(lib_a-fclose.o)
                0x0000000008007d30                _fclose_r
 .text.fclose   0x0000000008007dfc       0x10 /home/keith/Tools/gcc-arm-none-eabi-10-2020-q4-major/bin/../lib/gcc/arm-none-eabi/10.2.1/../../../../arm-none-eabi/lib/thumb/v7e-m/nofp/libc.a(lib_a-fclose.o)
                0x0000000008007dfc                fclose
 .text._fiprintf_r
                0x0000000008007e0c       0x1c /home/keith/Tools/gcc-arm-none-eabi-10-2020-q4-major/bin/../lib/gcc/arm-none-eabi/10.2.1/../../../../arm-none-eabi/lib/thumb/v7e-m/nofp/libc.a(lib_a-fiprintf.o)
                0x0000000008007e0c                _fiprintf_r
 .text.fiprintf
                0x0000000008007e28       0x28 /home/keith/Tools/gcc-arm-none-eabi-10-2020-q4-major/bin/../lib/gcc/arm-none-eabi/10.2.1/../../../../arm-none-eabi/lib/thumb/v7e-m/nofp/libc.a(lib_a-fiprintf.o)
                0x0000000008007e28                fiprintf
 .text.__fputwc
                0x0000000008007e50       0xa8 /home/keith/Tools/gcc-arm-none-eabi-10-2020-q4-major/bin/../lib/gcc/arm-none-eabi/10.2.1/../../../../arm-none-eabi/lib/thumb/v7e-m/nofp/libc.a(lib_a-fputwc.o)
                0x0000000008007e50                __fputwc
 .text._fputwc_r
                0x0000000008007ef8       0x68 /home/keith/Tools/gcc-arm-none-eabi-10-2020-q4-major/bin/../lib/gcc/arm-none-eabi/10.2.1/../../../../arm-none-eabi/lib/thumb/v7e-m/nofp/libc.a(lib_a-fputwc.o)
                0x0000000008007ef8                _fputwc_r
 .text.fputwc   0x0000000008007f60       0x74 /home/keith/Tools/gcc-arm-none-eabi-10-2020-q4-major/bin/../lib/gcc/arm-none-eabi/10.2.1/../../../../arm-none-eabi/lib/thumb/v7e-m/nofp/libc.a(lib_a-fputwc.o)
                0x0000000008007f60                fputwc
 .text._fstat_r
                0x0000000008007fd4       0x2c /home/keith/Tools/gcc-arm-none-eabi-10-2020-q4-major/bin/../lib/gcc/arm-none-eabi/10.2.1/../../../../arm-none-eabi/lib/thumb/v7e-m/nofp/libc.a(lib_a-fstatr.o)
                0x0000000008007fd4                _fstat_r
 .text._isatty_r
                0x0000000008008000       0x24 /home/keith/Tools/gcc-arm-none-eabi-10-2020-q4-major/bin/../lib/gcc/arm-none-eabi/10.2.1/../../../../arm-none-eabi/lib/thumb/v7e-m/nofp/libc.a(lib_a-isattyr.o)
                0x0000000008008000                _isatty_r
 .text._setlocale_r
                0x0000000008008024       0x40 /home/keith/Tools/gcc-arm-none-eabi-10-2020-q4-major/bin/../lib/gcc/arm-none-eabi/10.2.1/../../../../arm-none-eabi/lib/thumb/v7e-m/nofp/libc.a(lib_a-locale.o)
                0x0000000008008024                _setlocale_r
 .text.__locale_mb_cur_max
                0x0000000008008064        0xc /home/keith/Tools/gcc-arm-none-eabi-10-2020-q4-major/bin/../lib/gcc/arm-none-eabi/10.2.1/../../../../arm-none-eabi/lib/thumb/v7e-m/nofp/libc.a(lib_a-locale.o)
                0x0000000008008064                __locale_mb_cur_max
 .text.setlocale
                0x0000000008008070       0x40 /home/keith/Tools/gcc-arm-none-eabi-10-2020-q4-major/bin/../lib/gcc/arm-none-eabi/10.2.1/../../../../arm-none-eabi/lib/thumb/v7e-m/nofp/libc.a(lib_a-locale.o)
                0x0000000008008070                setlocale
 .text._lseek_r
                0x00000000080080b0       0x2c /home/keith/Tools/gcc-arm-none-eabi-10-2020-q4-major/bin/../lib/gcc/arm-none-eabi/10.2.1/../../../../arm-none-eabi/lib/thumb/v7e-m/nofp/libc.a(lib_a-lseekr.o)
                0x00000000080080b0                _lseek_r
 .text._mbtowc_r
                0x00000000080080dc       0x14 /home/keith/Tools/gcc-arm-none-eabi-10-2020-q4-major/bin/../lib/gcc/arm-none-eabi/10.2.1/../../../../arm-none-eabi/lib/thumb/v7e-m/nofp/libc.a(lib_a-mbtowc_r.o)
                0x00000000080080dc                _mbtowc_r
 .text.__ascii_mbtowc
                0x00000000080080f0       0x2c /home/keith/Tools/gcc-arm-none-eabi-10-2020-q4-major/bin/../lib/gcc/arm-none-eabi/10.2.1/../../../../arm-none-eabi/lib/thumb/v7e-m/nofp/libc.a(lib_a-mbtowc_r.o)
                0x00000000080080f0                __ascii_mbtowc
 .text._read_r  0x000000000800811c       0x2c /home/keith/Tools/gcc-arm-none-eabi-10-2020-q4-major/bin/../lib/gcc/arm-none-eabi/10.2.1/../../../../arm-none-eabi/lib/thumb/v7e-m/nofp/libc.a(lib_a-readr.o)
                0x000000000800811c                _read_r
 .text.cleanup_glue
                0x0000000008008148       0x48 /home/keith/Tools/gcc-arm-none-eabi-10-2020-q4-major/bin/../lib/gcc/arm-none-eabi/10.2.1/../../../../arm-none-eabi/lib/thumb/v7e-m/nofp/libc.a(lib_a-reent.o)
                0x0000000008008148                cleanup_glue
 .text._reclaim_reent
                0x0000000008008190       0x90 /home/keith/Tools/gcc-arm-none-eabi-10-2020-q4-major/bin/../lib/gcc/arm-none-eabi/10.2.1/../../../../arm-none-eabi/lib/thumb/v7e-m/nofp/libc.a(lib_a-reent.o)
                0x0000000008008190                _reclaim_reent
 .text.__swbuf_r
                0x0000000008008220       0xb0 /home/keith/Tools/gcc-arm-none-eabi-10-2020-q4-major/bin/../lib/gcc/arm-none-eabi/10.2.1/../../../../arm-none-eabi/lib/thumb/v7e-m/nofp/libc.a(lib_a-wbuf.o)
                0x0000000008008220                __swbuf_r
 .text.__swbuf  0x00000000080082d0       0x18 /home/keith/Tools/gcc-arm-none-eabi-10-2020-q4-major/bin/../lib/gcc/arm-none-eabi/10.2.1/../../../../arm-none-eabi/lib/thumb/v7e-m/nofp/libc.a(lib_a-wbuf.o)
                0x00000000080082d0                __swbuf
 .text._wcrtomb_r
                0x00000000080082e8       0x3c /home/keith/Tools/gcc-arm-none-eabi-10-2020-q4-major/bin/../lib/gcc/arm-none-eabi/10.2.1/../../../../arm-none-eabi/lib/thumb/v7e-m/nofp/libc.a(lib_a-wcrtomb.o)
                0x00000000080082e8                _wcrtomb_r
 .text.wcrtomb  0x0000000008008324       0x50 /home/keith/Tools/gcc-arm-none-eabi-10-2020-q4-major/bin/../lib/gcc/arm-none-eabi/10.2.1/../../../../arm-none-eabi/lib/thumb/v7e-m/nofp/libc.a(lib_a-wcrtomb.o)
                0x0000000008008324                wcrtomb
 .text._wctomb_r
                0x0000000008008374       0x14 /home/keith/Tools/gcc-arm-none-eabi-10-2020-q4-major/bin/../lib/gcc/arm-none-eabi/10.2.1/../../../../arm-none-eabi/lib/thumb/v7e-m/nofp/libc.a(lib_a-wctomb_r.o)
                0x0000000008008374                _wctomb_r
 .text.__ascii_wctomb
                0x0000000008008388       0x1c /home/keith/Tools/gcc-arm-none-eabi-10-2020-q4-major/bin/../lib/gcc/arm-none-eabi/10.2.1/../../../../arm-none-eabi/lib/thumb/v7e-m/nofp/libc.a(lib_a-wctomb_r.o)
                0x0000000008008388                __ascii_wctomb
 .text.abort    0x00000000080083a4       0x10 /home/keith/Tools/gcc-arm-none-eabi-10-2020-q4-major/bin/../lib/gcc/arm-none-eabi/10.2.1/../../../../arm-none-eabi/lib/thumb/v7e-m/nofp/libc.a(lib_a-abort.o)
                0x00000000080083a4                abort
 .text._init_signal_r
                0x00000000080083b4       0x30 /home/keith/Tools/gcc-arm-none-eabi-10-2020-q4-major/bin/../lib/gcc/arm-none-eabi/10.2.1/../../../../arm-none-eabi/lib/thumb/v7e-m/nofp/libc.a(lib_a-signal.o)
                0x00000000080083b4                _init_signal_r
 .text._signal_r
                0x00000000080083e4       0x4c /home/keith/Tools/gcc-arm-none-eabi-10-2020-q4-major/bin/../lib/gcc/arm-none-eabi/10.2.1/../../../../arm-none-eabi/lib/thumb/v7e-m/nofp/libc.a(lib_a-signal.o)
                0x00000000080083e4                _signal_r
 .text._raise_r
                0x0000000008008430       0x58 /home/keith/Tools/gcc-arm-none-eabi-10-2020-q4-major/bin/../lib/gcc/arm-none-eabi/10.2.1/../../../../arm-none-eabi/lib/thumb/v7e-m/nofp/libc.a(lib_a-signal.o)
                0x0000000008008430                _raise_r
 .text.__sigtramp_r
                0x0000000008008488       0x64 /home/keith/Tools/gcc-arm-none-eabi-10-2020-q4-major/bin/../lib/gcc/arm-none-eabi/10.2.1/../../../../arm-none-eabi/lib/thumb/v7e-m/nofp/libc.a(lib_a-signal.o)
                0x0000000008008488                __sigtramp_r
 .text.raise    0x00000000080084ec       0x5c /home/keith/Tools/gcc-arm-none-eabi-10-2020-q4-major/bin/../lib/gcc/arm-none-eabi/10.2.1/../../../../arm-none-eabi/lib/thumb/v7e-m/nofp/libc.a(lib_a-signal.o)
                0x00000000080084ec                raise
 .text.signal   0x0000000008008548       0x54 /home/keith/Tools/gcc-arm-none-eabi-10-2020-q4-major/bin/../lib/gcc/arm-none-eabi/10.2.1/../../../../arm-none-eabi/lib/thumb/v7e-m/nofp/libc.a(lib_a-signal.o)
                0x0000000008008548                signal
 .text._init_signal
                0x000000000800859c       0x38 /home/keith/Tools/gcc-arm-none-eabi-10-2020-q4-major/bin/../lib/gcc/arm-none-eabi/10.2.1/../../../../arm-none-eabi/lib/thumb/v7e-m/nofp/libc.a(lib_a-signal.o)
                0x000000000800859c                _init_signal
 .text.__sigtramp
                0x00000000080085d4       0x68 /home/keith/Tools/gcc-arm-none-eabi-10-2020-q4-major/bin/../lib/gcc/arm-none-eabi/10.2.1/../../../../arm-none-eabi/lib/thumb/v7e-m/nofp/libc.a(lib_a-signal.o)
                0x00000000080085d4                __sigtramp
 .text._kill_r  0x000000000800863c       0x2c /home/keith/Tools/gcc-arm-none-eabi-10-2020-q4-major/bin/../lib/gcc/arm-none-eabi/10.2.1/../../../../arm-none-eabi/lib/thumb/v7e-m/nofp/libc.a(lib_a-signalr.o)
                0x000000000800863c                _kill_r
 .text._getpid_r
                0x0000000008008668        0x4 /home/keith/Tools/gcc-arm-none-eabi-10-2020-q4-major/bin/../lib/gcc/arm-none-eabi/10.2.1/../../../../arm-none-eabi/lib/thumb/v7e-m/nofp/libc.a(lib_a-signalr.o)
                0x0000000008008668                _getpid_r
 .text._swiread
                0x000000000800866c       0x3c /home/keith/Tools/gcc-arm-none-eabi-10-2020-q4-major/bin/../lib/gcc/arm-none-eabi/10.2.1/../../../../arm-none-eabi/lib/thumb/v7e-m/nofp/librdimon.a(rdimon-syscalls.o)
                0x000000000800866c                _swiread
 .text._read    0x00000000080086a8       0x90 /home/keith/Tools/gcc-arm-none-eabi-10-2020-q4-major/bin/../lib/gcc/arm-none-eabi/10.2.1/../../../../arm-none-eabi/lib/thumb/v7e-m/nofp/librdimon.a(rdimon-syscalls.o)
                0x00000000080086a8                _read
 .text._swilseek
                0x0000000008008738       0xe4 /home/keith/Tools/gcc-arm-none-eabi-10-2020-q4-major/bin/../lib/gcc/arm-none-eabi/10.2.1/../../../../arm-none-eabi/lib/thumb/v7e-m/nofp/librdimon.a(rdimon-syscalls.o)
                0x0000000008008738                _swilseek
 .text._lseek   0x000000000800881c        0x4 /home/keith/Tools/gcc-arm-none-eabi-10-2020-q4-major/bin/../lib/gcc/arm-none-eabi/10.2.1/../../../../arm-none-eabi/lib/thumb/v7e-m/nofp/librdimon.a(rdimon-syscalls.o)
                0x000000000800881c                _lseek
 .text._swiwrite
                0x0000000008008820       0x3c /home/keith/Tools/gcc-arm-none-eabi-10-2020-q4-major/bin/../lib/gcc/arm-none-eabi/10.2.1/../../../../arm-none-eabi/lib/thumb/v7e-m/nofp/librdimon.a(rdimon-syscalls.o)
                0x0000000008008820                _swiwrite
 .text._write   0x000000000800885c       0xbc /home/keith/Tools/gcc-arm-none-eabi-10-2020-q4-major/bin/../lib/gcc/arm-none-eabi/10.2.1/../../../../arm-none-eabi/lib/thumb/v7e-m/nofp/librdimon.a(rdimon-syscalls.o)
                0x000000000800885c                _write
 .text._swiclose
                0x0000000008008918       0x38 /home/keith/Tools/gcc-arm-none-eabi-10-2020-q4-major/bin/../lib/gcc/arm-none-eabi/10.2.1/../../../../arm-none-eabi/lib/thumb/v7e-m/nofp/librdimon.a(rdimon-syscalls.o)
                0x0000000008008918                _swiclose
 .text._close   0x0000000008008950       0x98 /home/keith/Tools/gcc-arm-none-eabi-10-2020-q4-major/bin/../lib/gcc/arm-none-eabi/10.2.1/../../../../arm-none-eabi/lib/thumb/v7e-m/nofp/librdimon.a(rdimon-syscalls.o)
                0x0000000008008950                _close
 .text._getpid  0x00000000080089e8        0x4 /home/keith/Tools/gcc-arm-none-eabi-10-2020-q4-major/bin/../lib/gcc/arm-none-eabi/10.2.1/../../../../arm-none-eabi/lib/thumb/v7e-m/nofp/librdimon.a(rdimon-syscalls.o)
                0x00000000080089e8                _getpid
 .text._sbrk    0x00000000080089ec       0x48 /home/keith/Tools/gcc-arm-none-eabi-10-2020-q4-major/bin/../lib/gcc/arm-none-eabi/10.2.1/../../../../arm-none-eabi/lib/thumb/v7e-m/nofp/librdimon.a(rdimon-syscalls.o)
                0x00000000080089ec                _sbrk
 .text._swistat
                0x0000000008008a34       0x80 /home/keith/Tools/gcc-arm-none-eabi-10-2020-q4-major/bin/../lib/gcc/arm-none-eabi/10.2.1/../../../../arm-none-eabi/lib/thumb/v7e-m/nofp/librdimon.a(rdimon-syscalls.o)
                0x0000000008008a34                _swistat
 .text._fstat   0x0000000008008ab4       0x1c /home/keith/Tools/gcc-arm-none-eabi-10-2020-q4-major/bin/../lib/gcc/arm-none-eabi/10.2.1/../../../../arm-none-eabi/lib/thumb/v7e-m/nofp/librdimon.a(rdimon-syscalls.o)
                0x0000000008008ab4                _fstat
 .text._stat    0x0000000008008ad0       0x3c /home/keith/Tools/gcc-arm-none-eabi-10-2020-q4-major/bin/../lib/gcc/arm-none-eabi/10.2.1/../../../../arm-none-eabi/lib/thumb/v7e-m/nofp/librdimon.a(rdimon-syscalls.o)
                0x0000000008008ad0                _stat
 .text._swiopen
                0x0000000008008b0c       0xcc /home/keith/Tools/gcc-arm-none-eabi-10-2020-q4-major/bin/../lib/gcc/arm-none-eabi/10.2.1/../../../../arm-none-eabi/lib/thumb/v7e-m/nofp/librdimon.a(rdimon-syscalls.o)
                0x0000000008008b0c                _swiopen
 .text._open    0x0000000008008bd8       0x14 /home/keith/Tools/gcc-arm-none-eabi-10-2020-q4-major/bin/../lib/gcc/arm-none-eabi/10.2.1/../../../../arm-none-eabi/lib/thumb/v7e-m/nofp/librdimon.a(rdimon-syscalls.o)
                0x0000000008008bd8                _open
 .text._get_semihosting_exts
                0x0000000008008bec      0x110 /home/keith/Tools/gcc-arm-none-eabi-10-2020-q4-major/bin/../lib/gcc/arm-none-eabi/10.2.1/../../../../arm-none-eabi/lib/thumb/v7e-m/nofp/librdimon.a(rdimon-syscalls.o)
                0x0000000008008bec                _get_semihosting_exts
 .text._has_ext_exit_extended
                0x0000000008008cfc       0x48 /home/keith/Tools/gcc-arm-none-eabi-10-2020-q4-major/bin/../lib/gcc/arm-none-eabi/10.2.1/../../../../arm-none-eabi/lib/thumb/v7e-m/nofp/librdimon.a(rdimon-syscalls.o)
                0x0000000008008cfc                _has_ext_exit_extended
 .text._has_ext_stdout_stderr
                0x0000000008008d44       0x48 /home/keith/Tools/gcc-arm-none-eabi-10-2020-q4-major/bin/../lib/gcc/arm-none-eabi/10.2.1/../../../../arm-none-eabi/lib/thumb/v7e-m/nofp/librdimon.a(rdimon-syscalls.o)
                0x0000000008008d44                _has_ext_stdout_stderr
 .text.initialise_monitor_handles
                0x0000000008008d8c      0x158 /home/keith/Tools/gcc-arm-none-eabi-10-2020-q4-major/bin/../lib/gcc/arm-none-eabi/10.2.1/../../../../arm-none-eabi/lib/thumb/v7e-m/nofp/librdimon.a(rdimon-syscalls.o)
                0x0000000008008d8c                initialise_monitor_handles
 .text._link    0x0000000008008ee4       0x10 /home/keith/Tools/gcc-arm-none-eabi-10-2020-q4-major/bin/../lib/gcc/arm-none-eabi/10.2.1/../../../../arm-none-eabi/lib/thumb/v7e-m/nofp/librdimon.a(rdimon-syscalls.o)
                0x0000000008008ee4                _link
 .text._unlink  0x0000000008008ef4       0x40 /home/keith/Tools/gcc-arm-none-eabi-10-2020-q4-major/bin/../lib/gcc/arm-none-eabi/10.2.1/../../../../arm-none-eabi/lib/thumb/v7e-m/nofp/librdimon.a(rdimon-syscalls.o)
                0x0000000008008ef4                _unlink
 .text._gettimeofday
                0x0000000008008f34       0x28 /home/keith/Tools/gcc-arm-none-eabi-10-2020-q4-major/bin/../lib/gcc/arm-none-eabi/10.2.1/../../../../arm-none-eabi/lib/thumb/v7e-m/nofp/librdimon.a(rdimon-syscalls.o)
                0x0000000008008f34                _gettimeofday
 .text._clock   0x0000000008008f5c       0x14 /home/keith/Tools/gcc-arm-none-eabi-10-2020-q4-major/bin/../lib/gcc/arm-none-eabi/10.2.1/../../../../arm-none-eabi/lib/thumb/v7e-m/nofp/librdimon.a(rdimon-syscalls.o)
                0x0000000008008f5c                _clock
 .text._times   0x0000000008008f70       0x20 /home/keith/Tools/gcc-arm-none-eabi-10-2020-q4-major/bin/../lib/gcc/arm-none-eabi/10.2.1/../../../../arm-none-eabi/lib/thumb/v7e-m/nofp/librdimon.a(rdimon-syscalls.o)
                0x0000000008008f70                _times
 .text._isatty  0x0000000008008f90       0x68 /home/keith/Tools/gcc-arm-none-eabi-10-2020-q4-major/bin/../lib/gcc/arm-none-eabi/10.2.1/../../../../arm-none-eabi/lib/thumb/v7e-m/nofp/librdimon.a(rdimon-syscalls.o)
                0x0000000008008f90                _isatty
 .text._system  0x0000000008008ff8       0x5c /home/keith/Tools/gcc-arm-none-eabi-10-2020-q4-major/bin/../lib/gcc/arm-none-eabi/10.2.1/../../../../arm-none-eabi/lib/thumb/v7e-m/nofp/librdimon.a(rdimon-syscalls.o)
                0x0000000008008ff8                _system
 .text._rename  0x0000000008009054       0x54 /home/keith/Tools/gcc-arm-none-eabi-10-2020-q4-major/bin/../lib/gcc/arm-none-eabi/10.2.1/../../../../arm-none-eabi/lib/thumb/v7e-m/nofp/librdimon.a(rdimon-syscalls.o)
                0x0000000008009054                _rename
 .text._exit    0x00000000080090a8       0x14 /home/keith/Tools/gcc-arm-none-eabi-10-2020-q4-major/bin/../lib/gcc/arm-none-eabi/10.2.1/../../../../arm-none-eabi/lib/thumb/v7e-m/nofp/librdimon.a(rdimon-_exit.o)
                0x00000000080090a8                _exit
 .text._kill_shared
                0x00000000080090bc       0x30 /home/keith/Tools/gcc-arm-none-eabi-10-2020-q4-major/bin/../lib/gcc/arm-none-eabi/10.2.1/../../../../arm-none-eabi/lib/thumb/v7e-m/nofp/librdimon.a(rdimon-_kill.o)
                0x00000000080090bc                _kill_shared
 .text._kill    0x00000000080090ec       0x1c /home/keith/Tools/gcc-arm-none-eabi-10-2020-q4-major/bin/../lib/gcc/arm-none-eabi/10.2.1/../../../../arm-none-eabi/lib/thumb/v7e-m/nofp/librdimon.a(rdimon-_kill.o)
                0x00000000080090ec                _kill
 .text.__errno  0x0000000008009108        0xc /home/keith/Tools/gcc-arm-none-eabi-10-2020-q4-major/bin/../lib/gcc/arm-none-eabi/10.2.1/../../../../arm-none-eabi/lib/thumb/v7e-m/nofp/libc.a(lib_a-errno.o)
                0x0000000008009108                __errno
 *(.init)
 .init          0x0000000008009114        0x4 /home/keith/Tools/gcc-arm-none-eabi-10-2020-q4-major/bin/../lib/gcc/arm-none-eabi/10.2.1/thumb/v7e-m/nofp/crti.o
                0x0000000008009114                _init
 .init          0x0000000008009118        0x8 /home/keith/Tools/gcc-arm-none-eabi-10-2020-q4-major/bin/../lib/gcc/arm-none-eabi/10.2.1/thumb/v7e-m/nofp/crtn.o
 *(.fini)
 .fini          0x0000000008009120        0x4 /home/keith/Tools/gcc-arm-none-eabi-10-2020-q4-major/bin/../lib/gcc/arm-none-eabi/10.2.1/thumb/v7e-m/nofp/crti.o
                0x0000000008009120                _fini
 .fini          0x0000000008009124        0x8 /home/keith/Tools/gcc-arm-none-eabi-10-2020-q4-major/bin/../lib/gcc/arm-none-eabi/10.2.1/thumb/v7e-m/nofp/crtn.o
 *(.rodata)
 .rodata        0x000000000800912c       0x24 /home/keith/Tools/gcc-arm-none-eabi-10-2020-q4-major/bin/../lib/gcc/arm-none-eabi/10.2.1/thumb/v7e-m/nofp/crtbegin.o
 .rodata        0x0000000008009150       0x3b main.o
 *fill*         0x000000000800918b        0x1 
 .rodata        0x000000000800918c       0x24 /home/keith/Tools/gcc-arm-none-eabi-10-2020-q4-major/bin/../lib/gcc/arm-none-eabi/10.2.1/thumb/v7e-m/nofp/crtend.o
 *(.rodata.*)
 .rodata._global_impure_ptr
                0x00000000080091b0        0x4 /home/keith/Tools/gcc-arm-none-eabi-10-2020-q4-major/bin/../lib/gcc/arm-none-eabi/10.2.1/../../../../arm-none-eabi/lib/thumb/v7e-m/nofp/libc.a(lib_a-impure.o)
                0x00000000080091b0                _global_impure_ptr
 .rodata._puts_r.str1.4
                0x00000000080091b4        0x2 /home/keith/Tools/gcc-arm-none-eabi-10-2020-q4-major/bin/../lib/gcc/arm-none-eabi/10.2.1/../../../../arm-none-eabi/lib/thumb/v7e-m/nofp/libc.a(lib_a-puts.o)
 *fill*         0x00000000080091b6        0x2 
 .rodata._vfprintf_r.str1.4
                0x00000000080091b8       0x42 /home/keith/Tools/gcc-arm-none-eabi-10-2020-q4-major/bin/../lib/gcc/arm-none-eabi/10.2.1/../../../../arm-none-eabi/lib/thumb/v7e-m/nofp/libc.a(lib_a-vfprintf.o)
 *fill*         0x00000000080091fa        0x2 
 .rodata.blanks.1
                0x00000000080091fc       0x10 /home/keith/Tools/gcc-arm-none-eabi-10-2020-q4-major/bin/../lib/gcc/arm-none-eabi/10.2.1/../../../../arm-none-eabi/lib/thumb/v7e-m/nofp/libc.a(lib_a-vfprintf.o)
 .rodata.zeroes.0
                0x000000000800920c       0x10 /home/keith/Tools/gcc-arm-none-eabi-10-2020-q4-major/bin/../lib/gcc/arm-none-eabi/10.2.1/../../../../arm-none-eabi/lib/thumb/v7e-m/nofp/libc.a(lib_a-vfprintf.o)
 .rodata._dtoa_r.str1.4
                0x000000000800921c       0xa1 /home/keith/Tools/gcc-arm-none-eabi-10-2020-q4-major/bin/../lib/gcc/arm-none-eabi/10.2.1/../../../../arm-none-eabi/lib/thumb/v7e-m/nofp/libc.a(lib_a-dtoa.o)
                                         0xa5 (size before relaxing)
 *fill*         0x00000000080092bd        0x3 
 .rodata.__multadd.str1.4
                0x00000000080092c0       0x7e /home/keith/Tools/gcc-arm-none-eabi-10-2020-q4-major/bin/../lib/gcc/arm-none-eabi/10.2.1/../../../../arm-none-eabi/lib/thumb/v7e-m/nofp/libc.a(lib_a-mprec.o)
                                         0x92 (size before relaxing)
 *fill*         0x000000000800933e        0x2 
 .rodata.__mprec_bigtens
                0x0000000008009340       0x28 /home/keith/Tools/gcc-arm-none-eabi-10-2020-q4-major/bin/../lib/gcc/arm-none-eabi/10.2.1/../../../../arm-none-eabi/lib/thumb/v7e-m/nofp/libc.a(lib_a-mprec.o)
                0x0000000008009340                __mprec_bigtens
 .rodata.__mprec_tens
                0x0000000008009368       0xc8 /home/keith/Tools/gcc-arm-none-eabi-10-2020-q4-major/bin/../lib/gcc/arm-none-eabi/10.2.1/../../../../arm-none-eabi/lib/thumb/v7e-m/nofp/libc.a(lib_a-mprec.o)
                0x0000000008009368                __mprec_tens
 .rodata.__mprec_tinytens
                0x0000000008009430       0x28 /home/keith/Tools/gcc-arm-none-eabi-10-2020-q4-major/bin/../lib/gcc/arm-none-eabi/10.2.1/../../../../arm-none-eabi/lib/thumb/v7e-m/nofp/libc.a(lib_a-mprec.o)
                0x0000000008009430                __mprec_tinytens
 .rodata.p05.0  0x0000000008009458        0xc /home/keith/Tools/gcc-arm-none-eabi-10-2020-q4-major/bin/../lib/gcc/arm-none-eabi/10.2.1/../../../../arm-none-eabi/lib/thumb/v7e-m/nofp/libc.a(lib_a-mprec.o)
 .rodata._vfiprintf_r.str1.4
                0x0000000008009464       0x2f /home/keith/Tools/gcc-arm-none-eabi-10-2020-q4-major/bin/../lib/gcc/arm-none-eabi/10.2.1/../../../../arm-none-eabi/lib/thumb/v7e-m/nofp/libc.a(lib_a-vfiprintf.o)
 .rodata.blanks.1
                0x0000000008009464       0x10 /home/keith/Tools/gcc-arm-none-eabi-10-2020-q4-major/bin/../lib/gcc/arm-none-eabi/10.2.1/../../../../arm-none-eabi/lib/thumb/v7e-m/nofp/libc.a(lib_a-vfiprintf.o)
 .rodata.zeroes.0
                0x0000000008009474       0x10 /home/keith/Tools/gcc-arm-none-eabi-10-2020-q4-major/bin/../lib/gcc/arm-none-eabi/10.2.1/../../../../arm-none-eabi/lib/thumb/v7e-m/nofp/libc.a(lib_a-vfiprintf.o)
 .rodata.__assert_func.str1.4
                0x0000000008009484       0x3f /home/keith/Tools/gcc-arm-none-eabi-10-2020-q4-major/bin/../lib/gcc/arm-none-eabi/10.2.1/../../../../arm-none-eabi/lib/thumb/v7e-m/nofp/libc.a(lib_a-assert.o)
                                         0x43 (size before relaxing)
 *fill*         0x00000000080094c3        0x1 
 .rodata._setlocale_r.str1.4
                0x00000000080094c4        0xa /home/keith/Tools/gcc-arm-none-eabi-10-2020-q4-major/bin/../lib/gcc/arm-none-eabi/10.2.1/../../../../arm-none-eabi/lib/thumb/v7e-m/nofp/libc.a(lib_a-locale.o)
                                          0xd (size before relaxing)
 *fill*         0x00000000080094ce        0x2 
 .rodata.str1.4
                0x00000000080094d0        0x2 /home/keith/Tools/gcc-arm-none-eabi-10-2020-q4-major/bin/../lib/gcc/arm-none-eabi/10.2.1/../../../../arm-none-eabi/lib/thumb/v7e-m/nofp/libc.a(lib_a-locale.o)
 *fill*         0x00000000080094d2        0x2 
 .rodata._ctype_
                0x00000000080094d4      0x101 /home/keith/Tools/gcc-arm-none-eabi-10-2020-q4-major/bin/../lib/gcc/arm-none-eabi/10.2.1/../../../../arm-none-eabi/lib/thumb/v7e-m/nofp/libc.a(lib_a-ctype_.o)
                0x00000000080094d4                _ctype_
 *fill*         0x00000000080095d5        0x3 
 .rodata._get_semihosting_exts.str1.4
                0x00000000080095d8       0x16 /home/keith/Tools/gcc-arm-none-eabi-10-2020-q4-major/bin/../lib/gcc/arm-none-eabi/10.2.1/../../../../arm-none-eabi/lib/thumb/v7e-m/nofp/librdimon.a(rdimon-syscalls.o)
 *fill*         0x00000000080095ee        0x2 
 .rodata.initialise_monitor_handles.str1.4
                0x00000000080095f0        0x4 /home/keith/Tools/gcc-arm-none-eabi-10-2020-q4-major/bin/../lib/gcc/arm-none-eabi/10.2.1/../../../../arm-none-eabi/lib/thumb/v7e-m/nofp/librdimon.a(rdimon-syscalls.o)
                0x00000000080095f4                . = ALIGN (0x4)
                0x00000000080095f4                _etext = .
                0x0000000008009600                _la_data = LOADADDR (.data)

.glue_7         0x00000000080095f4        0x0
 .glue_7        0x00000000080095f4        0x0 linker stubs

.glue_7t        0x00000000080095f4        0x0
 .glue_7t       0x00000000080095f4        0x0 linker stubs

.vfp11_veneer   0x00000000080095f4        0x0
 .vfp11_veneer  0x00000000080095f4        0x0 linker stubs

.v4_bx          0x00000000080095f4        0x0
 .v4_bx         0x00000000080095f4        0x0 linker stubs

.iplt           0x00000000080095f4        0x0
 .iplt          0x00000000080095f4        0x0 /home/keith/Tools/gcc-arm-none-eabi-10-2020-q4-major/bin/../lib/gcc/arm-none-eabi/10.2.1/thumb/v7e-m/nofp/crtbegin.o

.eh_frame       0x00000000080095f4        0x4
 .eh_frame      0x00000000080095f4        0x0 /home/keith/Tools/gcc-arm-none-eabi-10-2020-q4-major/bin/../lib/gcc/arm-none-eabi/10.2.1/thumb/v7e-m/nofp/crtbegin.o
 .eh_frame      0x00000000080095f4        0x4 /home/keith/Tools/gcc-arm-none-eabi-10-2020-q4-major/bin/../lib/gcc/arm-none-eabi/10.2.1/thumb/v7e-m/nofp/crtend.o

.ARM.extab      0x00000000080095f8        0x0
 .ARM.extab     0x00000000080095f8        0x0 /home/keith/Tools/gcc-arm-none-eabi-10-2020-q4-major/bin/../lib/gcc/arm-none-eabi/10.2.1/../../../../arm-none-eabi/lib/thumb/v7e-m/nofp/rdimon-crt0.o
 .ARM.extab     0x00000000080095f8        0x0 /home/keith/Tools/gcc-arm-none-eabi-10-2020-q4-major/bin/../lib/gcc/arm-none-eabi/10.2.1/thumb/v7e-m/nofp/libgcc.a(_udivmoddi4.o)

.ARM.exidx      0x00000000080095f8        0x8
 .ARM.exidx     0x00000000080095f8        0x8 /home/keith/Tools/gcc-arm-none-eabi-10-2020-q4-major/bin/../lib/gcc/arm-none-eabi/10.2.1/../../../../arm-none-eabi/lib/thumb/v7e-m/nofp/rdimon-crt0.o
                                         0x10 (size before relaxing)
 .ARM.exidx     0x0000000008009600        0x0 /home/keith/Tools/gcc-arm-none-eabi-10-2020-q4-major/bin/../lib/gcc/arm-none-eabi/10.2.1/thumb/v7e-m/nofp/libgcc.a(_udivmoddi4.o)
                                          0x8 (size before relaxing)

.rel.dyn        0x0000000008009600        0x0
 .rel.iplt      0x0000000008009600        0x0 /home/keith/Tools/gcc-arm-none-eabi-10-2020-q4-major/bin/../lib/gcc/arm-none-eabi/10.2.1/thumb/v7e-m/nofp/crtbegin.o

.data           0x0000000020000000      0xaf4 load address 0x0000000008009600
                0x0000000020000000                _sdata = .
 *(.data)
 .data          0x0000000020000000        0x0 /home/keith/Tools/gcc-arm-none-eabi-10-2020-q4-major/bin/../lib/gcc/arm-none-eabi/10.2.1/thumb/v7e-m/nofp/crti.o
 .data          0x0000000020000000        0x4 /home/keith/Tools/gcc-arm-none-eabi-10-2020-q4-major/bin/../lib/gcc/arm-none-eabi/10.2.1/thumb/v7e-m/nofp/crtbegin.o
                0x0000000020000000                __dso_handle
 .data          0x0000000020000004      0x118 /home/keith/Tools/gcc-arm-none-eabi-10-2020-q4-major/bin/../lib/gcc/arm-none-eabi/10.2.1/../../../../arm-none-eabi/lib/thumb/v7e-m/nofp/rdimon-crt0.o
                0x000000002000000c                __stack_base__
 .data          0x000000002000011c        0x0 main.o
 .data          0x000000002000011c        0x0 startup.o
 .data          0x000000002000011c        0x0 led.o
 .data          0x000000002000011c       0x20 stack.o
                0x000000002000011c                taskHandlers
                0x000000002000012c                stacks
 .data          0x000000002000013c        0x0 /home/keith/Tools/gcc-arm-none-eabi-10-2020-q4-major/bin/../lib/gcc/arm-none-eabi/10.2.1/../../../../arm-none-eabi/lib/thumb/v7e-m/nofp/libc.a(lib_a-exit.o)
 .data          0x000000002000013c        0x0 /home/keith/Tools/gcc-arm-none-eabi-10-2020-q4-major/bin/../lib/gcc/arm-none-eabi/10.2.1/../../../../arm-none-eabi/lib/thumb/v7e-m/nofp/libc.a(lib_a-impure.o)
 .data          0x000000002000013c        0x0 /home/keith/Tools/gcc-arm-none-eabi-10-2020-q4-major/bin/../lib/gcc/arm-none-eabi/10.2.1/../../../../arm-none-eabi/lib/thumb/v7e-m/nofp/libc.a(lib_a-init.o)
 .data          0x000000002000013c        0x0 /home/keith/Tools/gcc-arm-none-eabi-10-2020-q4-major/bin/../lib/gcc/arm-none-eabi/10.2.1/../../../../arm-none-eabi/lib/thumb/v7e-m/nofp/libc.a(lib_a-memset.o)
 .data          0x000000002000013c        0x0 /home/keith/Tools/gcc-arm-none-eabi-10-2020-q4-major/bin/../lib/gcc/arm-none-eabi/10.2.1/../../../../arm-none-eabi/lib/thumb/v7e-m/nofp/libc.a(lib_a-printf.o)
 .data          0x000000002000013c        0x0 /home/keith/Tools/gcc-arm-none-eabi-10-2020-q4-major/bin/../lib/gcc/arm-none-eabi/10.2.1/../../../../arm-none-eabi/lib/thumb/v7e-m/nofp/libc.a(lib_a-puts.o)
 .data          0x000000002000013c        0x0 /home/keith/Tools/gcc-arm-none-eabi-10-2020-q4-major/bin/../lib/gcc/arm-none-eabi/10.2.1/../../../../arm-none-eabi/lib/thumb/v7e-m/nofp/libc.a(lib_a-strlen.o)
 .data          0x000000002000013c        0x0 /home/keith/Tools/gcc-arm-none-eabi-10-2020-q4-major/bin/../lib/gcc/arm-none-eabi/10.2.1/../../../../arm-none-eabi/lib/thumb/v7e-m/nofp/libc.a(lib_a-vfprintf.o)
 .data          0x000000002000013c        0x0 /home/keith/Tools/gcc-arm-none-eabi-10-2020-q4-major/bin/../lib/gcc/arm-none-eabi/10.2.1/../../../../arm-none-eabi/lib/thumb/v7e-m/nofp/libc.a(lib_a-wsetup.o)
 .data          0x000000002000013c        0x0 /home/keith/Tools/gcc-arm-none-eabi-10-2020-q4-major/bin/../lib/gcc/arm-none-eabi/10.2.1/../../../../arm-none-eabi/lib/thumb/v7e-m/nofp/libc.a(lib_a-__call_atexit.o)
 .data          0x000000002000013c        0x0 /home/keith/Tools/gcc-arm-none-eabi-10-2020-q4-major/bin/../lib/gcc/arm-none-eabi/10.2.1/../../../../arm-none-eabi/lib/thumb/v7e-m/nofp/libc.a(lib_a-atexit.o)
 .data          0x000000002000013c        0x0 /home/keith/Tools/gcc-arm-none-eabi-10-2020-q4-major/bin/../lib/gcc/arm-none-eabi/10.2.1/../../../../arm-none-eabi/lib/thumb/v7e-m/nofp/libc.a(lib_a-dtoa.o)
 .data          0x000000002000013c        0x0 /home/keith/Tools/gcc-arm-none-eabi-10-2020-q4-major/bin/../lib/gcc/arm-none-eabi/10.2.1/../../../../arm-none-eabi/lib/thumb/v7e-m/nofp/libc.a(lib_a-fflush.o)
 .data          0x000000002000013c        0x0 /home/keith/Tools/gcc-arm-none-eabi-10-2020-q4-major/bin/../lib/gcc/arm-none-eabi/10.2.1/../../../../arm-none-eabi/lib/thumb/v7e-m/nofp/libc.a(lib_a-findfp.o)
 .data          0x000000002000013c        0x0 /home/keith/Tools/gcc-arm-none-eabi-10-2020-q4-major/bin/../lib/gcc/arm-none-eabi/10.2.1/../../../../arm-none-eabi/lib/thumb/v7e-m/nofp/libc.a(lib_a-fini.o)
 .data          0x000000002000013c        0x0 /home/keith/Tools/gcc-arm-none-eabi-10-2020-q4-major/bin/../lib/gcc/arm-none-eabi/10.2.1/../../../../arm-none-eabi/lib/thumb/v7e-m/nofp/libc.a(lib_a-freer.o)
 .data          0x000000002000013c        0x0 /home/keith/Tools/gcc-arm-none-eabi-10-2020-q4-major/bin/../lib/gcc/arm-none-eabi/10.2.1/../../../../arm-none-eabi/lib/thumb/v7e-m/nofp/libc.a(lib_a-fvwrite.o)
 .data          0x000000002000013c        0x0 /home/keith/Tools/gcc-arm-none-eabi-10-2020-q4-major/bin/../lib/gcc/arm-none-eabi/10.2.1/../../../../arm-none-eabi/lib/thumb/v7e-m/nofp/libc.a(lib_a-fwalk.o)
 .data          0x000000002000013c        0x0 /home/keith/Tools/gcc-arm-none-eabi-10-2020-q4-major/bin/../lib/gcc/arm-none-eabi/10.2.1/../../../../arm-none-eabi/lib/thumb/v7e-m/nofp/libc.a(lib_a-localeconv.o)
 .data          0x000000002000013c        0x0 /home/keith/Tools/gcc-arm-none-eabi-10-2020-q4-major/bin/../lib/gcc/arm-none-eabi/10.2.1/../../../../arm-none-eabi/lib/thumb/v7e-m/nofp/libc.a(lib_a-lock.o)
 .data          0x000000002000013c        0x0 /home/keith/Tools/gcc-arm-none-eabi-10-2020-q4-major/bin/../lib/gcc/arm-none-eabi/10.2.1/../../../../arm-none-eabi/lib/thumb/v7e-m/nofp/libc.a(lib_a-makebuf.o)
 .data          0x000000002000013c        0x0 /home/keith/Tools/gcc-arm-none-eabi-10-2020-q4-major/bin/../lib/gcc/arm-none-eabi/10.2.1/../../../../arm-none-eabi/lib/thumb/v7e-m/nofp/libc.a(lib_a-mallocr.o)
 .data          0x000000002000013c        0x0 /home/keith/Tools/gcc-arm-none-eabi-10-2020-q4-major/bin/../lib/gcc/arm-none-eabi/10.2.1/../../../../arm-none-eabi/lib/thumb/v7e-m/nofp/libc.a(lib_a-memchr.o)
 .data          0x000000002000013c        0x0 /home/keith/Tools/gcc-arm-none-eabi-10-2020-q4-major/bin/../lib/gcc/arm-none-eabi/10.2.1/../../../../arm-none-eabi/lib/thumb/v7e-m/nofp/libc.a(lib_a-memcpy.o)
 .data          0x000000002000013c        0x0 /home/keith/Tools/gcc-arm-none-eabi-10-2020-q4-major/bin/../lib/gcc/arm-none-eabi/10.2.1/../../../../arm-none-eabi/lib/thumb/v7e-m/nofp/libc.a(lib_a-memmove.o)
 .data          0x000000002000013c        0x0 /home/keith/Tools/gcc-arm-none-eabi-10-2020-q4-major/bin/../lib/gcc/arm-none-eabi/10.2.1/../../../../arm-none-eabi/lib/thumb/v7e-m/nofp/libc.a(lib_a-mlock.o)
 .data          0x000000002000013c        0x0 /home/keith/Tools/gcc-arm-none-eabi-10-2020-q4-major/bin/../lib/gcc/arm-none-eabi/10.2.1/../../../../arm-none-eabi/lib/thumb/v7e-m/nofp/libc.a(lib_a-mprec.o)
 .data          0x000000002000013c        0x0 /home/keith/Tools/gcc-arm-none-eabi-10-2020-q4-major/bin/../lib/gcc/arm-none-eabi/10.2.1/../../../../arm-none-eabi/lib/thumb/v7e-m/nofp/libc.a(lib_a-reallocr.o)
 .data          0x000000002000013c        0x0 /home/keith/Tools/gcc-arm-none-eabi-10-2020-q4-major/bin/../lib/gcc/arm-none-eabi/10.2.1/../../../../arm-none-eabi/lib/thumb/v7e-m/nofp/libc.a(lib_a-s_frexp.o)
 .data          0x000000002000013c        0x0 /home/keith/Tools/gcc-arm-none-eabi-10-2020-q4-major/bin/../lib/gcc/arm-none-eabi/10.2.1/../../../../arm-none-eabi/lib/thumb/v7e-m/nofp/libc.a(lib_a-sbrkr.o)
 .data          0x000000002000013c        0x0 /home/keith/Tools/gcc-arm-none-eabi-10-2020-q4-major/bin/../lib/gcc/arm-none-eabi/10.2.1/../../../../arm-none-eabi/lib/thumb/v7e-m/nofp/libc.a(lib_a-stdio.o)
 .data          0x000000002000013c        0x0 /home/keith/Tools/gcc-arm-none-eabi-10-2020-q4-major/bin/../lib/gcc/arm-none-eabi/10.2.1/../../../../arm-none-eabi/lib/thumb/v7e-m/nofp/libc.a(lib_a-strncpy.o)
 .data          0x000000002000013c        0x0 /home/keith/Tools/gcc-arm-none-eabi-10-2020-q4-major/bin/../lib/gcc/arm-none-eabi/10.2.1/../../../../arm-none-eabi/lib/thumb/v7e-m/nofp/libc.a(lib_a-vfiprintf.o)
 .data          0x000000002000013c        0x0 /home/keith/Tools/gcc-arm-none-eabi-10-2020-q4-major/bin/../lib/gcc/arm-none-eabi/10.2.1/../../../../arm-none-eabi/lib/thumb/v7e-m/nofp/libc.a(lib_a-writer.o)
 .data          0x000000002000013c        0x0 /home/keith/Tools/gcc-arm-none-eabi-10-2020-q4-major/bin/../lib/gcc/arm-none-eabi/10.2.1/../../../../arm-none-eabi/lib/thumb/v7e-m/nofp/libc.a(lib_a-__atexit.o)
 .data          0x000000002000013c        0x0 /home/keith/Tools/gcc-arm-none-eabi-10-2020-q4-major/bin/../lib/gcc/arm-none-eabi/10.2.1/../../../../arm-none-eabi/lib/thumb/v7e-m/nofp/libc.a(lib_a-assert.o)
 .data          0x000000002000013c        0x0 /home/keith/Tools/gcc-arm-none-eabi-10-2020-q4-major/bin/../lib/gcc/arm-none-eabi/10.2.1/../../../../arm-none-eabi/lib/thumb/v7e-m/nofp/libc.a(lib_a-callocr.o)
 .data          0x000000002000013c        0x0 /home/keith/Tools/gcc-arm-none-eabi-10-2020-q4-major/bin/../lib/gcc/arm-none-eabi/10.2.1/../../../../arm-none-eabi/lib/thumb/v7e-m/nofp/libc.a(lib_a-closer.o)
 .data          0x000000002000013c        0x0 /home/keith/Tools/gcc-arm-none-eabi-10-2020-q4-major/bin/../lib/gcc/arm-none-eabi/10.2.1/../../../../arm-none-eabi/lib/thumb/v7e-m/nofp/libc.a(lib_a-fclose.o)
 .data          0x000000002000013c        0x0 /home/keith/Tools/gcc-arm-none-eabi-10-2020-q4-major/bin/../lib/gcc/arm-none-eabi/10.2.1/../../../../arm-none-eabi/lib/thumb/v7e-m/nofp/libc.a(lib_a-fiprintf.o)
 .data          0x000000002000013c        0x0 /home/keith/Tools/gcc-arm-none-eabi-10-2020-q4-major/bin/../lib/gcc/arm-none-eabi/10.2.1/../../../../arm-none-eabi/lib/thumb/v7e-m/nofp/libc.a(lib_a-fputwc.o)
 .data          0x000000002000013c        0x0 /home/keith/Tools/gcc-arm-none-eabi-10-2020-q4-major/bin/../lib/gcc/arm-none-eabi/10.2.1/../../../../arm-none-eabi/lib/thumb/v7e-m/nofp/libc.a(lib_a-fstatr.o)
 .data          0x000000002000013c        0x0 /home/keith/Tools/gcc-arm-none-eabi-10-2020-q4-major/bin/../lib/gcc/arm-none-eabi/10.2.1/../../../../arm-none-eabi/lib/thumb/v7e-m/nofp/libc.a(lib_a-isattyr.o)
 .data          0x000000002000013c        0x0 /home/keith/Tools/gcc-arm-none-eabi-10-2020-q4-major/bin/../lib/gcc/arm-none-eabi/10.2.1/../../../../arm-none-eabi/lib/thumb/v7e-m/nofp/libc.a(lib_a-locale.o)
 .data          0x000000002000013c        0x0 /home/keith/Tools/gcc-arm-none-eabi-10-2020-q4-major/bin/../lib/gcc/arm-none-eabi/10.2.1/../../../../arm-none-eabi/lib/thumb/v7e-m/nofp/libc.a(lib_a-lseekr.o)
 .data          0x000000002000013c        0x0 /home/keith/Tools/gcc-arm-none-eabi-10-2020-q4-major/bin/../lib/gcc/arm-none-eabi/10.2.1/../../../../arm-none-eabi/lib/thumb/v7e-m/nofp/libc.a(lib_a-mbtowc_r.o)
 .data          0x000000002000013c        0x0 /home/keith/Tools/gcc-arm-none-eabi-10-2020-q4-major/bin/../lib/gcc/arm-none-eabi/10.2.1/../../../../arm-none-eabi/lib/thumb/v7e-m/nofp/libc.a(lib_a-readr.o)
 .data          0x000000002000013c        0x0 /home/keith/Tools/gcc-arm-none-eabi-10-2020-q4-major/bin/../lib/gcc/arm-none-eabi/10.2.1/../../../../arm-none-eabi/lib/thumb/v7e-m/nofp/libc.a(lib_a-reent.o)
 .data          0x000000002000013c        0x0 /home/keith/Tools/gcc-arm-none-eabi-10-2020-q4-major/bin/../lib/gcc/arm-none-eabi/10.2.1/../../../../arm-none-eabi/lib/thumb/v7e-m/nofp/libc.a(lib_a-strcmp.o)
 .data          0x000000002000013c        0x0 /home/keith/Tools/gcc-arm-none-eabi-10-2020-q4-major/bin/../lib/gcc/arm-none-eabi/10.2.1/../../../../arm-none-eabi/lib/thumb/v7e-m/nofp/libc.a(lib_a-wbuf.o)
 .data          0x000000002000013c        0x0 /home/keith/Tools/gcc-arm-none-eabi-10-2020-q4-major/bin/../lib/gcc/arm-none-eabi/10.2.1/../../../../arm-none-eabi/lib/thumb/v7e-m/nofp/libc.a(lib_a-wcrtomb.o)
 .data          0x000000002000013c        0x0 /home/keith/Tools/gcc-arm-none-eabi-10-2020-q4-major/bin/../lib/gcc/arm-none-eabi/10.2.1/../../../../arm-none-eabi/lib/thumb/v7e-m/nofp/libc.a(lib_a-wctomb_r.o)
 .data          0x000000002000013c        0x0 /home/keith/Tools/gcc-arm-none-eabi-10-2020-q4-major/bin/../lib/gcc/arm-none-eabi/10.2.1/../../../../arm-none-eabi/lib/thumb/v7e-m/nofp/libc.a(lib_a-abort.o)
 .data          0x000000002000013c        0x0 /home/keith/Tools/gcc-arm-none-eabi-10-2020-q4-major/bin/../lib/gcc/arm-none-eabi/10.2.1/../../../../arm-none-eabi/lib/thumb/v7e-m/nofp/libc.a(lib_a-ctype_.o)
 .data          0x000000002000013c        0x0 /home/keith/Tools/gcc-arm-none-eabi-10-2020-q4-major/bin/../lib/gcc/arm-none-eabi/10.2.1/../../../../arm-none-eabi/lib/thumb/v7e-m/nofp/libc.a(lib_a-signal.o)
 .data          0x000000002000013c        0x0 /home/keith/Tools/gcc-arm-none-eabi-10-2020-q4-major/bin/../lib/gcc/arm-none-eabi/10.2.1/../../../../arm-none-eabi/lib/thumb/v7e-m/nofp/libc.a(lib_a-signalr.o)